Traceback (most recent call last):
  File "/Library/Developer/CommandLineTools/Library/Frameworks/Python3.framework/Versions/3.9/lib/python3.9/runpy.py", line 197, in _run_module_as_main
    return _run_code(code, main_globals, None,
  File "/Library/Developer/CommandLineTools/Library/Frameworks/Python3.framework/Versions/3.9/lib/python3.9/runpy.py", line 87, in _run_code
    exec(code, run_globals)
  File "/Library/Developer/CommandLineTools/Library/Frameworks/Python3.framework/Versions/3.9/lib/python3.9/http/server.py", line 1297, in <module>
    test(
  File "/Library/Developer/CommandLineTools/Library/Frameworks/Python3.framework/Versions/3.9/::1 - - [20/Mar/2026 09:43:23] "GET / HTTP/1.1" 200 -
::1 - - [20/Mar/2026 09:43:27] "GET / HTTP/1.1" 200 -
::1 - - [20/Mar/2026 09:43:33] "GET / HTTP/1.1" 200 -
::1 - - [20/Mar/2026 09:43:50] code 501, message Unsupported method ('POST')
::1 - - [20/Mar/2026 09:43:50] "POST /api/tasks HTTP/1.1" 501 -
::1 - - [20/Mar/2026 09:44:02] code 501, message Unsupported method ('POST')
::1 - - [20/Mar/2026 09:44:02] "POST /api/tasks HTTP/1.1" 501 -
::1 - - [20/Mar/2026 09:44:33] "GET / HTTP/1.1" 200 -
::1 - - [20/Mar/2026 09:44:33] "GET /docs-feed.json HTTP/1.1" 200 -
::1 - - [20/Mar/2026 09:44:33] code 404, message File not found
::1 - - [20/Mar/2026 09:44:33] "GET /favicon.ico HTTP/1.1" 404 -
::1 - - [20/Mar/2026 09:44:33] "GET /tasks.json HTTP/1.1" 200 -
::1 - - [20/Mar/2026 09:44:33] "GET /memory-feed.json HTTP/1.1" 200 -
::1 - - [20/Mar/2026 19:58:04] "GET /index.html HTTP/1.1" 200 -
::1 - - [20/Mar/2026 19:58:04] "GET /tasks.json HTTP/1.1" 200 -
::1 - - [20/Mar/2026 19:58:04] "GET /memory-feed.json HTTP/1.1" 200 -
::1 - - [20/Mar/2026 19:58:04] "GET /docs-feed.json HTTP/1.1" 200 -
::1 - - [20/Mar/2026 19:58:05] code 404, message File not found
::1 - - [20/Mar/2026 19:58:05] "GET /favicon.ico HTTP/1.1" 404 -
::1 - - [20/Mar/2026 23:24:27] "GET /index.html HTTP/1.1" 304 -
::1 - - [20/Mar/2026 23:24:27] "GET /memory-feed.json HTTP/1.1" 304 -
::1 - - [20/Mar/2026 23:24:27] "GET /docs-feed.json HTTP/1.1" 304 -
::1 - - [20/Mar/2026 23:32:20] "GET / HTTP/1.1" 200 -
::1 - - [20/Mar/2026 23:32:24] "GET / HTTP/1.1" 200 -
::1 - - [20/Mar/2026 23:32:27] "GET / HTTP/1.1" 200 -
::1 - - [20/Mar/2026 23:32:29] "GET / HTTP/1.1" 200 -
::1 - - [20/Mar/2026 23:32:33] "GET / HTTP/1.1" 200 -
::1 - - [20/Mar/2026 23:33:27] "GET / HTTP/1.1" 200 -
::1 - - [20/Mar/2026 23:33:27] "GET /tasks.json HTTP/1.1" 200 -
::1 - - [20/Mar/2026 23:33:27] "GET /memory-feed.json HTTP/1.1" 200 -
::1 - - [20/Mar/2026 23:33:27] "GET /docs-feed.json HTTP/1.1" 200 -
::1 - - [20/Mar/2026 23:33:27] code 404, message File not found
::1 - - [20/Mar/2026 23:33:27] "GET /favicon.ico HTTP/1.1" 404 -
::1 - - [20/Mar/2026 23:33:51] "GET / HTTP/1.1" 200 -
::1 - - [20/Mar/2026 23:34:04] "GET / HTTP/1.1" 304 -
::1 - - [20/Mar/2026 23:34:20] code 501, message Unsupported method ('POST')
::1 - - [20/Mar/2026 23:34:20] "POST /api/tasks HTTP/1.1" 501 -
::1 - - [20/Mar/2026 23:34:35] "GET / HTTP/1.1" 304 -
::1 - - [21/Mar/2026 00:11:57] "GET / HTTP/1.1" 304 -
::1 - - [21/Mar/2026 09:36:31] "GET / HTTP/1.1" 200 -
::1 - - [21/Mar/2026 09:36:31] "GET /docs-feed.json HTTP/1.1" 304 -
::1 - - [21/Mar/2026 09:36:31] "GET /tasks.json HTTP/1.1" 304 -
::1 - - [21/Mar/2026 09:36:31] "GET /memory-feed.json HTTP/1.1" 304 -
