Brief saved to /Users/five/.openclaw/workspace/scripts/todays-morning-brief.txt
GOOD MORNING, BOSS — Saturday, March 14th, 2026
━━━━━━━━━━━━━━━━━━━━━━━━━━━━━━━━━━━━━━

📍 LOCATION: Columbia, MO
🌡️ WEATHER: Unavailable

📰 TOP NEWS
• Check news sources for latest headlines
• Visit cnn.com, bbc.com, or reuters.com
• Visit columbiamissourian.com for local news

🔴 HIGH PRIORITY:
• None

🔄 IN PROGRESS:
Follow up with VA on eBay parts listing

🤖 AGENT TEAM
• Monica: Project management (6 AM)
• Dwight: Research (morning + afternoon - autonomous income)
• Picasso: T-shirt designs
• Lois: eCommerce uploads
• Addy: TikTok/X/FB marketing

💡 MONEY IDEAS (Autonomous Income - 2x Daily Research)
1. **1. Landing Page Funnel** — $3k+/mo
2. **2. Affiliate Links in Content** — $500-2k/mo
3. **3. Email Sequence** — $3k+/mo

━━━━━━━━━━━━━━━━━━━━━━━━━━━━━━━━━━━━━━
Have a great day, Boss! 🦅

Brief saved to /Users/five/.openclaw/workspace/scripts/todays-morning-brief.txt
GOOD MORNING, BOSS — Sunday, March 15th, 2026
━━━━━━━━━━━━━━━━━━━━━━━━━━━━━━━━━━━━━━

📍 LOCATION: Columbia, MO
🌡️ WEATHER: Unavailable

📰 TOP NEWS
• Check news sources for latest headlines
• Visit cnn.com, bbc.com, or reuters.com
• Visit columbiamissourian.com for local news

🔴 HIGH PRIORITY:
• None

🔄 IN PROGRESS:
Follow up with VA on eBay parts listing

🤖 AGENT TEAM
• Monica: Project management (6 AM)
• Dwight: Research (morning + afternoon - autonomous income)
• Picasso: T-shirt designs
• Lois: eCommerce uploads
• Addy: TikTok/X/FB marketing

💡 MONEY IDEAS (Autonomous Income - 2x Daily Research)
1. **1. Landing Page Funnel** — $3k+/mo
2. **2. Affiliate Links in Content** — $500-2k/mo
3. **3. Email Sequence** — $3k+/mo

━━━━━━━━━━━━━━━━━━━━━━━━━━━━━━━━━━━━━━
Have a great day, Boss! 🦅

Brief saved to /Users/five/.openclaw/workspace/scripts/todays-morning-brief.txt
GOOD MORNING, BOSS — Tuesday, March 17th, 2026
━━━━━━━━━━━━━━━━━━━━━━━━━━━━━━━━━━━━━━

📍 LOCATION: Columbia, MO
🌡️ WEATHER: Unavailable

📰 TOP NEWS
• Check news sources for latest headlines
• Visit cnn.com, bbc.com, or reuters.com
• Visit columbiamissourian.com for local news

🔴 HIGH PRIORITY:
• None

🔄 IN PROGRESS:
Follow up with VA on eBay parts listing

🤖 AGENT TEAM
• Monica: Project management (6 AM)
• Dwight: Research (morning + afternoon - autonomous income)
• Picasso: T-shirt designs
• Lois: eCommerce uploads
• Addy: TikTok/X/FB marketing

💡 MONEY IDEAS (Autonomous Income - 2x Daily Research)
1. **1. Landing Page Funnel** — $3k+/mo
2. **2. Affiliate Links in Content** — $500-2k/mo
3. **3. Email Sequence** — $3k+/mo

━━━━━━━━━━━━━━━━━━━━━━━━━━━━━━━━━━━━━━
Have a great day, Boss! 🦅

Brief saved to /Users/five/.openclaw/workspace/scripts/todays-morning-brief.txt
GOOD MORNING, BOSS — Thursday, March 19th, 2026
━━━━━━━━━━━━━━━━━━━━━━━━━━━━━━━━━━━━━━

📍 LOCATION: Columbia, MO
🌡️ WEATHER: Unavailable

📰 TOP NEWS
• Check news sources for latest headlines
• Visit cnn.com, bbc.com, or reuters.com
• Visit columbiamissourian.com for local news

🔴 HIGH PRIORITY:
• None

🔄 IN PROGRESS:
Follow up with VA on eBay parts listing

🤖 AGENT TEAM
• Monica: Project management (6 AM)
• Dwight: Research (morning + afternoon - autonomous income)
• Picasso: T-shirt designs
• Lois: eCommerce uploads
• Addy: TikTok/X/FB marketing

💡 MONEY IDEAS (Autonomous Income - 2x Daily Research)
1. **1. Landing Page Funnel** — $3k+/mo
2. **2. Affiliate Links in Content** — $500-2k/mo
3. **3. Email Sequence** — $3k+/mo

━━━━━━━━━━━━━━━━━━━━━━━━━━━━━━━━━━━━━━
Have a great day, Boss! 🦅

Brief saved to /Users/five/.openclaw/workspace/scripts/todays-morning-brief.txt
GOOD MORNING, BOSS — Friday, March 20th, 2026
━━━━━━━━━━━━━━━━━━━━━━━━━━━━━━━━━━━━━━

📍 LOCATION: Columbia, MO
🌡️ WEATHER: Unavailable

📰 TOP NEWS
• Check news sources for latest headlines
• Visit cnn.com, bbc.com, or reuters.com
• Visit columbiamissourian.com for local news

🔴 HIGH PRIORITY:
• None

🔄 IN PROGRESS:
Follow up with VA on eBay parts listing

🤖 AGENT TEAM
• Monica: Project management (6 AM)
• Dwight: Research (morning + afternoon - autonomous income)
• Picasso: T-shirt designs
• Lois: eCommerce uploads
• Addy: TikTok/X/FB marketing

💡 MONEY IDEAS (Autonomous Income - 2x Daily Research)
1. **1. Landing Page Funnel** — $3k+/mo
2. **2. Affiliate Links in Content** — $500-2k/mo
3. **3. Email Sequence** — $3k+/mo

━━━━━━━━━━━━━━━━━━━━━━━━━━━━━━━━━━━━━━
Have a great day, Boss! 🦅

Brief saved to /Users/five/.openclaw/workspace/scripts/todays-morning-brief.txt
GOOD MORNING, BOSS — Saturday, March 21st, 2026
━━━━━━━━━━━━━━━━━━━━━━━━━━━━━━━━━━━━━━

📍 LOCATION: Columbia, MO
🌡️ WEATHER: Unavailable

📰 TOP NEWS
• Check news sources for latest headlines
• Visit cnn.com, bbc.com, or reuters.com
• Visit columbiamissourian.com for local news

🔴 HIGH PRIORITY:
• None

🔄 IN PROGRESS:
Follow up with VA on eBay parts listing

🤖 AGENT TEAM
• Monica: Project management (6 AM)
• Dwight: Research (morning + afternoon - autonomous income)
• Picasso: T-shirt designs
• Lois: eCommerce uploads
• Addy: TikTok/X/FB marketing

💡 MONEY IDEAS (Autonomous Income - 2x Daily Research)
1. **1. Landing Page Funnel** — $3k+/mo
2. **2. Affiliate Links in Content** — $500-2k/mo
3. **3. Email Sequence** — $3k+/mo

━━━━━━━━━━━━━━━━━━━━━━━━━━━━━━━━━━━━━━
Have a great day, Boss! 🦅

Brief saved to /Users/five/.openclaw/workspace/scripts/todays-morning-brief.txt
GOOD MORNING, BOSS — Sunday, March 22nd, 2026
━━━━━━━━━━━━━━━━━━━━━━━━━━━━━━━━━━━━━━

📍 LOCATION: Columbia, MO
🌡️ WEATHER: 66°F — Clear sky

📰 TOP NEWS
• Check news sources for latest headlines
• Visit cnn.com, bbc.com, or reuters.com
• Visit columbiamissourian.com for local news

🔴 HIGH PRIORITY:
• None

🔄 IN PROGRESS:
Follow up with VA on eBay parts listing

🤖 AGENT TEAM
• Monica: Project management (6 AM)
• Dwight: Research (morning + afternoon - autonomous income)
• Picasso: T-shirt designs
• Lois: eCommerce uploads
• Addy: TikTok/X/FB marketing

💡 MONEY IDEAS (Autonomous Income - 2x Daily Research)
1. **1. Landing Page Funnel** — $3k+/mo
2. **2. Affiliate Links in Content** — $500-2k/mo
3. **3. Email Sequence** — $3k+/mo

━━━━━━━━━━━━━━━━━━━━━━━━━━━━━━━━━━━━━━
Have a great day, Boss! 🦅

Brief saved to /Users/five/.openclaw/workspace/scripts/todays-morning-brief.txt
GOOD MORNING, BOSS — Monday, March 23rd, 2026
━━━━━━━━━━━━━━━━━━━━━━━━━━━━━━━━━━━━━━

📍 LOCATION: Columbia, MO
🌡️ WEATHER: Unavailable

📰 TOP NEWS
• Check news sources for latest headlines
• Visit cnn.com, bbc.com, or reuters.com
• Visit columbiamissourian.com for local news

🔴 HIGH PRIORITY:
• None

🔄 IN PROGRESS:
Follow up with VA on eBay parts listing

🤖 AGENT TEAM
• Monica: Project management (6 AM)
• Dwight: Research (morning + afternoon - autonomous income)
• Picasso: T-shirt designs
• Lois: eCommerce uploads
• Addy: TikTok/X/FB marketing

💡 MONEY IDEAS (Autonomous Income - 2x Daily Research)
1. **1. Landing Page Funnel** — $3k+/mo
2. **2. Affiliate Links in Content** — $500-2k/mo
3. **3. Email Sequence** — $3k+/mo

━━━━━━━━━━━━━━━━━━━━━━━━━━━━━━━━━━━━━━
Have a great day, Boss! 🦅

Brief saved to /Users/five/.openclaw/workspace/scripts/todays-morning-brief.txt
GOOD MORNING, BOSS — Tuesday, March 24th, 2026
━━━━━━━━━━━━━━━━━━━━━━━━━━━━━━━━━━━━━━

📍 LOCATION: Columbia, MO
🌡️ WEATHER: Unavailable

📰 TOP NEWS
• Check news sources for latest headlines
• Visit cnn.com, bbc.com, or reuters.com
• Visit columbiamissourian.com for local news

🔴 HIGH PRIORITY:
• None

🔄 IN PROGRESS:
Follow up with VA on eBay parts listing

🤖 AGENT TEAM
• Monica: Project management (6 AM)
• Dwight: Research (morning + afternoon - autonomous income)
• Picasso: T-shirt designs
• Lois: eCommerce uploads
• Addy: TikTok/X/FB marketing

💡 MONEY IDEAS (Autonomous Income - 2x Daily Research)
1. **1. Landing Page Funnel** — $3k+/mo
2. **2. Affiliate Links in Content** — $500-2k/mo
3. **3. Email Sequence** — $3k+/mo

━━━━━━━━━━━━━━━━━━━━━━━━━━━━━━━━━━━━━━
Have a great day, Boss! 🦅

Brief saved to /Users/five/.openclaw/workspace/scripts/todays-morning-brief.txt
GOOD MORNING, BOSS — Wednesday, March 25th, 2026
━━━━━━━━━━━━━━━━━━━━━━━━━━━━━━━━━━━━━━

📍 LOCATION: Columbia, MO
🌡️ WEATHER: Unavailable

📰 TOP NEWS
• Check news sources for latest headlines
• Visit cnn.com, bbc.com, or reuters.com
• Visit columbiamissourian.com for local news

🔴 HIGH PRIORITY:
• None

🔄 IN PROGRESS:
Follow up with VA on eBay parts listing

🤖 AGENT TEAM
• Monica: Project management (6 AM)
• Dwight: Research (morning + afternoon - autonomous income)
• Picasso: T-shirt designs
• Lois: eCommerce uploads
• Addy: TikTok/X/FB marketing

💡 MONEY IDEAS (Autonomous Income - 2x Daily Research)
1. **1. Landing Page Funnel** — $3k+/mo
2. **2. Affiliate Links in Content** — $500-2k/mo
3. **3. Email Sequence** — $3k+/mo

━━━━━━━━━━━━━━━━━━━━━━━━━━━━━━━━━━━━━━
Have a great day, Boss! 🦅

Brief saved to /Users/five/.openclaw/workspace/scripts/todays-morning-brief.txt
GOOD MORNING, BOSS — Thursday, March 26th, 2026
━━━━━━━━━━━━━━━━━━━━━━━━━━━━━━━━━━━━━━

📍 LOCATION: Columbia, MO
🌡️ WEATHER: Unavailable

📰 TOP NEWS
• Check news sources for latest headlines
• Visit cnn.com, bbc.com, or reuters.com
• Visit columbiamissourian.com for local news

🔴 HIGH PRIORITY:
• None

🔄 IN PROGRESS:
Follow up with VA on eBay parts listing

🤖 AGENT TEAM
• Monica: Project management (6 AM)
• Dwight: Research (morning + afternoon - autonomous income)
• Picasso: T-shirt designs
• Lois: eCommerce uploads
• Addy: TikTok/X/FB marketing

💡 MONEY IDEAS (Autonomous Income - 2x Daily Research)
1. **1. Landing Page Funnel** — $3k+/mo
2. **2. Affiliate Links in Content** — $500-2k/mo
3. **3. Email Sequence** — $3k+/mo

━━━━━━━━━━━━━━━━━━━━━━━━━━━━━━━━━━━━━━
Have a great day, Boss! 🦅

Brief saved to /Users/five/.openclaw/workspace/scripts/todays-morning-brief.txt
GOOD MORNING, BOSS — Friday, March 27th, 2026
━━━━━━━━━━━━━━━━━━━━━━━━━━━━━━━━━━━━━━

📍 LOCATION: Columbia, MO
🌡️ WEATHER: Unavailable

📰 TOP NEWS
• Check news sources for latest headlines
• Visit cnn.com, bbc.com, or reuters.com
• Visit columbiamissourian.com for local news

🔴 HIGH PRIORITY:
• None

🔄 IN PROGRESS:
Follow up with VA on eBay parts listing

🤖 AGENT TEAM
• Monica: Project management (6 AM)
• Dwight: Research (morning + afternoon - autonomous income)
• Picasso: T-shirt designs
• Lois: eCommerce uploads
• Addy: TikTok/X/FB marketing

💡 MONEY IDEAS (Autonomous Income - 2x Daily Research)
1. **1. Landing Page Funnel** — $3k+/mo
2. **2. Affiliate Links in Content** — $500-2k/mo
3. **3. Email Sequence** — $3k+/mo

━━━━━━━━━━━━━━━━━━━━━━━━━━━━━━━━━━━━━━
Have a great day, Boss! 🦅

Brief saved to /Users/five/.openclaw/workspace/scripts/todays-morning-brief.txt
GOOD MORNING, BOSS — Saturday, March 28th, 2026
━━━━━━━━━━━━━━━━━━━━━━━━━━━━━━━━━━━━━━

📍 LOCATION: Columbia, MO
🌡️ WEATHER: Unavailable

📰 TOP NEWS
• Check news sources for latest headlines
• Visit cnn.com, bbc.com, or reuters.com
• Visit columbiamissourian.com for local news

🔴 HIGH PRIORITY:
• None

🔄 IN PROGRESS:
Follow up with VA on eBay parts listing

🤖 AGENT TEAM
• Monica: Project management (6 AM)
• Dwight: Research (morning + afternoon - autonomous income)
• Picasso: T-shirt designs
• Lois: eCommerce uploads
• Addy: TikTok/X/FB marketing

💡 MONEY IDEAS (Autonomous Income - 2x Daily Research)
1. **1. Landing Page Funnel** — $3k+/mo
2. **2. Affiliate Links in Content** — $500-2k/mo
3. **3. Email Sequence** — $3k+/mo

━━━━━━━━━━━━━━━━━━━━━━━━━━━━━━━━━━━━━━
Have a great day, Boss! 🦅

Brief saved to /Users/five/.openclaw/workspace/scripts/todays-morning-brief.txt
GOOD MORNING, BOSS — Sunday, March 29th, 2026
━━━━━━━━━━━━━━━━━━━━━━━━━━━━━━━━━━━━━━

📍 LOCATION: Columbia, MO
🌡️ WEATHER: Unavailable

📰 TOP NEWS
• Check news sources for latest headlines
• Visit cnn.com, bbc.com, or reuters.com
• Visit columbiamissourian.com for local news

🔴 HIGH PRIORITY:
• None

🔄 IN PROGRESS:
Follow up with VA on eBay parts listing

🤖 AGENT TEAM
• Monica: Project management (6 AM)
• Dwight: Research (morning + afternoon - autonomous income)
• Picasso: T-shirt designs
• Lois: eCommerce uploads
• Addy: TikTok/X/FB marketing

💡 MONEY IDEAS (Autonomous Income - 2x Daily Research)
1. **1. Landing Page Funnel** — $3k+/mo
2. **2. Affiliate Links in Content** — $500-2k/mo
3. **3. Email Sequence** — $3k+/mo

━━━━━━━━━━━━━━━━━━━━━━━━━━━━━━━━━━━━━━
Have a great day, Boss! 🦅

Brief saved to /Users/five/.openclaw/workspace/scripts/todays-morning-brief.txt
GOOD MORNING, BOSS — Monday, March 30th, 2026
━━━━━━━━━━━━━━━━━━━━━━━━━━━━━━━━━━━━━━

📍 LOCATION: Columbia, MO
🌡️ WEATHER: 59°F — Clear sky

📰 TOP NEWS
• Check news sources for latest headlines
• Visit cnn.com, bbc.com, or reuters.com
• Visit columbiamissourian.com for local news

🔴 HIGH PRIORITY:
• None

🔄 IN PROGRESS:
Follow up with VA on eBay parts listing

🤖 AGENT TEAM
• Monica: Project management (6 AM)
• Dwight: Research (morning + afternoon - autonomous income)
• Picasso: T-shirt designs
• Lois: eCommerce uploads
• Addy: TikTok/X/FB marketing

💡 MONEY IDEAS (Autonomous Income - 2x Daily Research)
1. **1. Landing Page Funnel** — $3k+/mo
2. **2. Affiliate Links in Content** — $500-2k/mo
3. **3. Email Sequence** — $3k+/mo

━━━━━━━━━━━━━━━━━━━━━━━━━━━━━━━━━━━━━━
Have a great day, Boss! 🦅

Brief saved to /Users/five/.openclaw/workspace/scripts/todays-morning-brief.txt
GOOD MORNING, BOSS — Tuesday, March 31st, 2026
━━━━━━━━━━━━━━━━━━━━━━━━━━━━━━━━━━━━━━

📍 LOCATION: Columbia, MO
🌡️ WEATHER: 67°F — Overcast

📰 TOP NEWS
• Check news sources for latest headlines
• Visit cnn.com, bbc.com, or reuters.com
• Visit columbiamissourian.com for local news

🔴 HIGH PRIORITY:
• None

🔄 IN PROGRESS:
Follow up with VA on eBay parts listing

🤖 AGENT TEAM
• Monica: Project management (6 AM)
• Dwight: Research (morning + afternoon - autonomous income)
• Picasso: T-shirt designs
• Lois: eCommerce uploads
• Addy: TikTok/X/FB marketing

💡 MONEY IDEAS (Autonomous Income - 2x Daily Research)
1. **1. Landing Page Funnel** — $3k+/mo
2. **2. Affiliate Links in Content** — $500-2k/mo
3. **3. Email Sequence** — $3k+/mo

━━━━━━━━━━━━━━━━━━━━━━━━━━━━━━━━━━━━━━
Have a great day, Boss! 🦅

Brief saved to /Users/five/.openclaw/workspace/scripts/todays-morning-brief.txt
GOOD MORNING, BOSS — Wednesday, April 1st, 2026
━━━━━━━━━━━━━━━━━━━━━━━━━━━━━━━━━━━━━━

📍 LOCATION: Columbia, MO
🌡️ WEATHER: 52°F — Overcast

📰 TOP NEWS
• Check news sources for latest headlines
• Visit cnn.com, bbc.com, or reuters.com
• Visit columbiamissourian.com for local news

🔴 HIGH PRIORITY:
• None

🔄 IN PROGRESS:
Follow up with VA on eBay parts listing

🤖 AGENT TEAM
• Monica: Project management (6 AM)
• Dwight: Research (morning + afternoon - autonomous income)
• Picasso: T-shirt designs
• Lois: eCommerce uploads
• Addy: TikTok/X/FB marketing

💡 MONEY IDEAS (Autonomous Income - 2x Daily Research)
1. **1. Landing Page Funnel** — $3k+/mo
2. **2. Affiliate Links in Content** — $500-2k/mo
3. **3. Email Sequence** — $3k+/mo

━━━━━━━━━━━━━━━━━━━━━━━━━━━━━━━━━━━━━━
Have a great day, Boss! 🦅

Brief saved to /Users/five/.openclaw/workspace/scripts/todays-morning-brief.txt
GOOD MORNING, BOSS — Thursday, April 2nd, 2026
━━━━━━━━━━━━━━━━━━━━━━━━━━━━━━━━━━━━━━

📍 LOCATION: Columbia, MO
🌡️ WEATHER: Unavailable

📰 TOP NEWS
• Check news sources for latest headlines
• Visit cnn.com, bbc.com, or reuters.com
• Visit columbiamissourian.com for local news

🔴 HIGH PRIORITY:
• None

🔄 IN PROGRESS:
Follow up with VA on eBay parts listing

🤖 AGENT TEAM
• Monica: Project management (6 AM)
• Dwight: Research (morning + afternoon - autonomous income)
• Picasso: T-shirt designs
• Lois: eCommerce uploads
• Addy: TikTok/X/FB marketing

💡 MONEY IDEAS (Autonomous Income - 2x Daily Research)
1. **1. Landing Page Funnel** — $3k+/mo
2. **2. Affiliate Links in Content** — $500-2k/mo
3. **3. Email Sequence** — $3k+/mo

━━━━━━━━━━━━━━━━━━━━━━━━━━━━━━━━━━━━━━
Have a great day, Boss! 🦅

Brief saved to /Users/five/.openclaw/workspace/scripts/todays-morning-brief.txt
GOOD MORNING, BOSS — Friday, April 3rd, 2026
━━━━━━━━━━━━━━━━━━━━━━━━━━━━━━━━━━━━━━

📍 LOCATION: Columbia, MO
🌡️ WEATHER: Unavailable

📰 TOP NEWS
• Check news sources for latest headlines
• Visit cnn.com, bbc.com, or reuters.com
• Visit columbiamissourian.com for local news

🔴 HIGH PRIORITY:
• None

🔄 IN PROGRESS:
Follow up with VA on eBay parts listing

🤖 AGENT TEAM
• Monica: Project management (6 AM)
• Dwight: Research (morning + afternoon - autonomous income)
• Picasso: T-shirt designs
• Lois: eCommerce uploads
• Addy: TikTok/X/FB marketing

💡 MONEY IDEAS (Autonomous Income - 2x Daily Research)
1. **1. Landing Page Funnel** — $3k+/mo
2. **2. Affiliate Links in Content** — $500-2k/mo
3. **3. Email Sequence** — $3k+/mo

━━━━━━━━━━━━━━━━━━━━━━━━━━━━━━━━━━━━━━
Have a great day, Boss! 🦅

Brief saved to /Users/five/.openclaw/workspace/scripts/todays-morning-brief.txt
GOOD MORNING, BOSS — Saturday, April 4th, 2026
━━━━━━━━━━━━━━━━━━━━━━━━━━━━━━━━━━━━━━

📍 LOCATION: Columbia, MO
🌡️ WEATHER: Unavailable

📰 TOP NEWS
• Check news sources for latest headlines
• Visit cnn.com, bbc.com, or reuters.com
• Visit columbiamissourian.com for local news

🔴 HIGH PRIORITY:
• None

🔄 IN PROGRESS:
Follow up with VA on eBay parts listing

🤖 AGENT TEAM
• Monica: Project management (6 AM)
• Dwight: Research (morning + afternoon - autonomous income)
• Picasso: T-shirt designs
• Lois: eCommerce uploads
• Addy: TikTok/X/FB marketing

💡 MONEY IDEAS (Autonomous Income - 2x Daily Research)
1. **1. Landing Page Funnel** — $3k+/mo
2. **2. Affiliate Links in Content** — $500-2k/mo
3. **3. Email Sequence** — $3k+/mo

━━━━━━━━━━━━━━━━━━━━━━━━━━━━━━━━━━━━━━
Have a great day, Boss! 🦅

Brief saved to /Users/five/.openclaw/workspace/scripts/todays-morning-brief.txt
GOOD MORNING, BOSS — Sunday, April 5th, 2026
━━━━━━━━━━━━━━━━━━━━━━━━━━━━━━━━━━━━━━

📍 LOCATION: Columbia, MO
🌡️ WEATHER: Unavailable

📰 TOP NEWS
• Check news sources for latest headlines
• Visit cnn.com, bbc.com, or reuters.com
• Visit columbiamissourian.com for local news

🔴 HIGH PRIORITY:
• None

🔄 IN PROGRESS:
Follow up with VA on eBay parts listing

🤖 AGENT TEAM
• Monica: Project management (6 AM)
• Dwight: Research (morning + afternoon - autonomous income)
• Picasso: T-shirt designs
• Lois: eCommerce uploads
• Addy: TikTok/X/FB marketing

💡 MONEY IDEAS (Autonomous Income - 2x Daily Research)
1. **1. Landing Page Funnel** — $3k+/mo
2. **2. Affiliate Links in Content** — $500-2k/mo
3. **3. Email Sequence** — $3k+/mo

━━━━━━━━━━━━━━━━━━━━━━━━━━━━━━━━━━━━━━
Have a great day, Boss! 🦅

Brief saved to /Users/five/.openclaw/workspace/scripts/todays-morning-brief.txt
GOOD MORNING, BOSS — Monday, April 6th, 2026
━━━━━━━━━━━━━━━━━━━━━━━━━━━━━━━━━━━━━━

📍 LOCATION: Columbia, MO
🌡️ WEATHER: Unavailable

📰 TOP NEWS
• Check news sources for latest headlines
• Visit cnn.com, bbc.com, or reuters.com
• Visit columbiamissourian.com for local news

🔴 HIGH PRIORITY:
• None

🔄 IN PROGRESS:
Follow up with VA on eBay parts listing

🤖 AGENT TEAM
• Monica: Project management (6 AM)
• Dwight: Research (morning + afternoon - autonomous income)
• Picasso: T-shirt designs
• Lois: eCommerce uploads
• Addy: TikTok/X/FB marketing

💡 MONEY IDEAS (Autonomous Income - 2x Daily Research)
1. **1. Landing Page Funnel** — $3k+/mo
2. **2. Affiliate Links in Content** — $500-2k/mo
3. **3. Email Sequence** — $3k+/mo

━━━━━━━━━━━━━━━━━━━━━━━━━━━━━━━━━━━━━━
Have a great day, Boss! 🦅

Brief saved to /Users/five/.openclaw/workspace/scripts/todays-morning-brief.txt
GOOD MORNING, BOSS — Tuesday, April 7th, 2026
━━━━━━━━━━━━━━━━━━━━━━━━━━━━━━━━━━━━━━

📍 LOCATION: Columbia, MO
🌡️ WEATHER: Unavailable

📰 TOP NEWS
• Check news sources for latest headlines
• Visit cnn.com, bbc.com, or reuters.com
• Visit columbiamissourian.com for local news

🔴 HIGH PRIORITY:
• None

🔄 IN PROGRESS:
Follow up with VA on eBay parts listing

🤖 AGENT TEAM
• Monica: Project management (6 AM)
• Dwight: Research (morning + afternoon - autonomous income)
• Picasso: T-shirt designs
• Lois: eCommerce uploads
• Addy: TikTok/X/FB marketing

💡 MONEY IDEAS (Autonomous Income - 2x Daily Research)
1. **1. Landing Page Funnel** — $3k+/mo
2. **2. Affiliate Links in Content** — $500-2k/mo
3. **3. Email Sequence** — $3k+/mo

━━━━━━━━━━━━━━━━━━━━━━━━━━━━━━━━━━━━━━
Have a great day, Boss! 🦅

Brief saved to /Users/five/.openclaw/workspace/scripts/todays-morning-brief.txt
GOOD MORNING, BOSS — Wednesday, April 8th, 2026
━━━━━━━━━━━━━━━━━━━━━━━━━━━━━━━━━━━━━━

📍 LOCATION: Columbia, MO
🌡️ WEATHER: Unavailable

📰 TOP NEWS
• Check news sources for latest headlines
• Visit cnn.com, bbc.com, or reuters.com
• Visit columbiamissourian.com for local news

🔴 HIGH PRIORITY:
• None

🔄 IN PROGRESS:
Follow up with VA on eBay parts listing

🤖 AGENT TEAM
• Monica: Project management (6 AM)
• Dwight: Research (morning + afternoon - autonomous income)
• Picasso: T-shirt designs
• Lois: eCommerce uploads
• Addy: TikTok/X/FB marketing

💡 MONEY IDEAS (Autonomous Income - 2x Daily Research)
1. **1. Landing Page Funnel** — $3k+/mo
2. **2. Affiliate Links in Content** — $500-2k/mo
3. **3. Email Sequence** — $3k+/mo

━━━━━━━━━━━━━━━━━━━━━━━━━━━━━━━━━━━━━━
Have a great day, Boss! 🦅

Brief saved to /Users/five/.openclaw/workspace/scripts/todays-morning-brief.txt
GOOD MORNING, BOSS — Thursday, April 9th, 2026
━━━━━━━━━━━━━━━━━━━━━━━━━━━━━━━━━━━━━━

📍 LOCATION: Columbia, MO
🌡️ WEATHER: Unavailable

📰 TOP NEWS
• Check news sources for latest headlines
• Visit cnn.com, bbc.com, or reuters.com
• Visit columbiamissourian.com for local news

🔴 HIGH PRIORITY:
• None

🔄 IN PROGRESS:
Follow up with VA on eBay parts listing

🤖 AGENT TEAM
• Monica: Project management (6 AM)
• Dwight: Research (morning + afternoon - autonomous income)
• Picasso: T-shirt designs
• Lois: eCommerce uploads
• Addy: TikTok/X/FB marketing

💡 MONEY IDEAS (Autonomous Income - 2x Daily Research)
1. **1. Landing Page Funnel** — $3k+/mo
2. **2. Affiliate Links in Content** — $500-2k/mo
3. **3. Email Sequence** — $3k+/mo

━━━━━━━━━━━━━━━━━━━━━━━━━━━━━━━━━━━━━━
Have a great day, Boss! 🦅

Brief saved to /Users/five/.openclaw/workspace/scripts/todays-morning-brief.txt
GOOD MORNING, BOSS — Friday, April 10th, 2026
━━━━━━━━━━━━━━━━━━━━━━━━━━━━━━━━━━━━━━

📍 LOCATION: Columbia, MO
🌡️ WEATHER: Unavailable

📰 TOP NEWS
• Check news sources for latest headlines
• Visit cnn.com, bbc.com, or reuters.com
• Visit columbiamissourian.com for local news

🔴 HIGH PRIORITY:
• None

🔄 IN PROGRESS:
Follow up with VA on eBay parts listing

🤖 AGENT TEAM
• Monica: Project management (6 AM)
• Dwight: Research (morning + afternoon - autonomous income)
• Picasso: T-shirt designs
• Lois: eCommerce uploads
• Addy: TikTok/X/FB marketing

💡 MONEY IDEAS (Autonomous Income - 2x Daily Research)
1. **1. Landing Page Funnel** — $3k+/mo
2. **2. Affiliate Links in Content** — $500-2k/mo
3. **3. Email Sequence** — $3k+/mo

━━━━━━━━━━━━━━━━━━━━━━━━━━━━━━━━━━━━━━
Have a great day, Boss! 🦅

Brief saved to /Users/five/.openclaw/workspace/scripts/todays-morning-brief.txt
GOOD MORNING, BOSS — Saturday, April 11th, 2026
━━━━━━━━━━━━━━━━━━━━━━━━━━━━━━━━━━━━━━

📍 LOCATION: Columbia, MO
🌡️ WEATHER: 47°F — Mainly clear

📰 TOP NEWS
• Check news sources for latest headlines
• Visit cnn.com, bbc.com, or reuters.com
• Visit columbiamissourian.com for local news

🔴 HIGH PRIORITY:
• None

🔄 IN PROGRESS:
Follow up with VA on eBay parts listing

🤖 AGENT TEAM
• Monica: Project management (6 AM)
• Dwight: Research (morning + afternoon - autonomous income)
• Picasso: T-shirt designs
• Lois: eCommerce uploads
• Addy: TikTok/X/FB marketing

💡 MONEY IDEAS (Autonomous Income - 2x Daily Research)
1. **1. Landing Page Funnel** — $3k+/mo
2. **2. Affiliate Links in Content** — $500-2k/mo
3. **3. Email Sequence** — $3k+/mo

━━━━━━━━━━━━━━━━━━━━━━━━━━━━━━━━━━━━━━
Have a great day, Boss! 🦅

Brief saved to /Users/five/.openclaw/workspace/scripts/todays-morning-brief.txt
GOOD MORNING, BOSS — Sunday, April 12th, 2026
━━━━━━━━━━━━━━━━━━━━━━━━━━━━━━━━━━━━━━

📍 LOCATION: Columbia, MO
🌡️ WEATHER: Unavailable

📰 TOP NEWS
• Check news sources for latest headlines
• Visit cnn.com, bbc.com, or reuters.com
• Visit columbiamissourian.com for local news

🔴 HIGH PRIORITY:
• None

🔄 IN PROGRESS:
Follow up with VA on eBay parts listing

🤖 AGENT TEAM
• Monica: Project management (6 AM)
• Dwight: Research (morning + afternoon - autonomous income)
• Picasso: T-shirt designs
• Lois: eCommerce uploads
• Addy: TikTok/X/FB marketing

💡 MONEY IDEAS (Autonomous Income - 2x Daily Research)
1. **1. Landing Page Funnel** — $3k+/mo
2. **2. Affiliate Links in Content** — $500-2k/mo
3. **3. Email Sequence** — $3k+/mo

━━━━━━━━━━━━━━━━━━━━━━━━━━━━━━━━━━━━━━
Have a great day, Boss! 🦅

Brief saved to /Users/five/.openclaw/workspace/scripts/todays-morning-brief.txt
GOOD MORNING, BOSS — Monday, April 13th, 2026
━━━━━━━━━━━━━━━━━━━━━━━━━━━━━━━━━━━━━━

📍 LOCATION: Columbia, MO
🌡️ WEATHER: Unavailable

📰 TOP NEWS
• Check news sources for latest headlines
• Visit cnn.com, bbc.com, or reuters.com
• Visit columbiamissourian.com for local news

🔴 HIGH PRIORITY:
• None

🔄 IN PROGRESS:
Follow up with VA on eBay parts listing

🤖 AGENT TEAM
• Monica: Project management (6 AM)
• Dwight: Research (morning + afternoon - autonomous income)
• Picasso: T-shirt designs
• Lois: eCommerce uploads
• Addy: TikTok/X/FB marketing

💡 MONEY IDEAS (Autonomous Income - 2x Daily Research)
1. **1. Landing Page Funnel** — $3k+/mo
2. **2. Affiliate Links in Content** — $500-2k/mo
3. **3. Email Sequence** — $3k+/mo

━━━━━━━━━━━━━━━━━━━━━━━━━━━━━━━━━━━━━━
Have a great day, Boss! 🦅

Brief saved to /Users/five/.openclaw/workspace/scripts/todays-morning-brief.txt
GOOD MORNING, BOSS — Tuesday, April 14th, 2026
━━━━━━━━━━━━━━━━━━━━━━━━━━━━━━━━━━━━━━

📍 LOCATION: Columbia, MO
🌡️ WEATHER: Unavailable

📰 TOP NEWS
• Check news sources for latest headlines
• Visit cnn.com, bbc.com, or reuters.com
• Visit columbiamissourian.com for local news

🔴 HIGH PRIORITY:
• None

🔄 IN PROGRESS:
Follow up with VA on eBay parts listing

🤖 AGENT TEAM
• Monica: Project management (6 AM)
• Dwight: Research (morning + afternoon - autonomous income)
• Picasso: T-shirt designs
• Lois: eCommerce uploads
• Addy: TikTok/X/FB marketing

💡 MONEY IDEAS (Autonomous Income - 2x Daily Research)
1. **1. Landing Page Funnel** — $3k+/mo
2. **2. Affiliate Links in Content** — $500-2k/mo
3. **3. Email Sequence** — $3k+/mo

━━━━━━━━━━━━━━━━━━━━━━━━━━━━━━━━━━━━━━
Have a great day, Boss! 🦅

Brief saved to /Users/five/.openclaw/workspace/scripts/todays-morning-brief.txt
GOOD MORNING, BOSS — Wednesday, April 15th, 2026
━━━━━━━━━━━━━━━━━━━━━━━━━━━━━━━━━━━━━━

📍 LOCATION: Columbia, MO
🌡️ WEATHER: Unavailable

📰 TOP NEWS
• Check news sources for latest headlines
• Visit cnn.com, bbc.com, or reuters.com
• Visit columbiamissourian.com for local news

🔴 HIGH PRIORITY:
• None

🔄 IN PROGRESS:
Follow up with VA on eBay parts listing

🤖 AGENT TEAM
• Monica: Project management (6 AM)
• Dwight: Research (morning + afternoon - autonomous income)
• Picasso: T-shirt designs
• Lois: eCommerce uploads
• Addy: TikTok/X/FB marketing

💡 MONEY IDEAS (Autonomous Income - 2x Daily Research)
1. **1. Landing Page Funnel** — $3k+/mo
2. **2. Affiliate Links in Content** — $500-2k/mo
3. **3. Email Sequence** — $3k+/mo

━━━━━━━━━━━━━━━━━━━━━━━━━━━━━━━━━━━━━━
Have a great day, Boss! 🦅

Brief saved to /Users/five/.openclaw/workspace/scripts/todays-morning-brief.txt
GOOD MORNING, BOSS — Thursday, April 16th, 2026
━━━━━━━━━━━━━━━━━━━━━━━━━━━━━━━━━━━━━━

📍 LOCATION: Columbia, MO
🌡️ WEATHER: Unavailable

📰 TOP NEWS
• Check news sources for latest headlines
• Visit cnn.com, bbc.com, or reuters.com
• Visit columbiamissourian.com for local news

🔴 HIGH PRIORITY:
• None

🔄 IN PROGRESS:
Follow up with VA on eBay parts listing

🤖 AGENT TEAM
• Monica: Project management (6 AM)
• Dwight: Research (morning + afternoon - autonomous income)
• Picasso: T-shirt designs
• Lois: eCommerce uploads
• Addy: TikTok/X/FB marketing

💡 MONEY IDEAS (Autonomous Income - 2x Daily Research)
1. **1. Landing Page Funnel** — $3k+/mo
2. **2. Affiliate Links in Content** — $500-2k/mo
3. **3. Email Sequence** — $3k+/mo

━━━━━━━━━━━━━━━━━━━━━━━━━━━━━━━━━━━━━━
Have a great day, Boss! 🦅

Brief saved to /Users/five/.openclaw/workspace/scripts/todays-morning-brief.txt
GOOD MORNING, BOSS — Friday, April 17th, 2026
━━━━━━━━━━━━━━━━━━━━━━━━━━━━━━━━━━━━━━

📍 LOCATION: Columbia, MO
🌡️ WEATHER: Unavailable

📰 TOP NEWS
• Check news sources for latest headlines
• Visit cnn.com, bbc.com, or reuters.com
• Visit columbiamissourian.com for local news

🔴 HIGH PRIORITY:
• None

🔄 IN PROGRESS:
Follow up with VA on eBay parts listing

🤖 AGENT TEAM
• Monica: Project management (6 AM)
• Dwight: Research (morning + afternoon - autonomous income)
• Picasso: T-shirt designs
• Lois: eCommerce uploads
• Addy: TikTok/X/FB marketing

💡 MONEY IDEAS (Autonomous Income - 2x Daily Research)
1. **1. Landing Page Funnel** — $3k+/mo
2. **2. Affiliate Links in Content** — $500-2k/mo
3. **3. Email Sequence** — $3k+/mo

━━━━━━━━━━━━━━━━━━━━━━━━━━━━━━━━━━━━━━
Have a great day, Boss! 🦅

Brief saved to /Users/five/.openclaw/workspace/scripts/todays-morning-brief.txt
GOOD MORNING, BOSS — Saturday, April 18th, 2026
━━━━━━━━━━━━━━━━━━━━━━━━━━━━━━━━━━━━━━

📍 LOCATION: Columbia, MO
🌡️ WEATHER: Unavailable

📰 TOP NEWS
• Check news sources for latest headlines
• Visit cnn.com, bbc.com, or reuters.com
• Visit columbiamissourian.com for local news

🔴 HIGH PRIORITY:
• None

🔄 IN PROGRESS:
Follow up with VA on eBay parts listing

🤖 AGENT TEAM
• Monica: Project management (6 AM)
• Dwight: Research (morning + afternoon - autonomous income)
• Picasso: T-shirt designs
• Lois: eCommerce uploads
• Addy: TikTok/X/FB marketing

💡 MONEY IDEAS (Autonomous Income - 2x Daily Research)
1. **1. Landing Page Funnel** — $3k+/mo
2. **2. Affiliate Links in Content** — $500-2k/mo
3. **3. Email Sequence** — $3k+/mo

━━━━━━━━━━━━━━━━━━━━━━━━━━━━━━━━━━━━━━
Have a great day, Boss! 🦅

Brief saved to /Users/five/.openclaw/workspace/scripts/todays-morning-brief.txt
GOOD MORNING, BOSS — Sunday, April 19th, 2026
━━━━━━━━━━━━━━━━━━━━━━━━━━━━━━━━━━━━━━

📍 LOCATION: Columbia, MO
🌡️ WEATHER: Unavailable

📰 TOP NEWS
• Check news sources for latest headlines
• Visit cnn.com, bbc.com, or reuters.com
• Visit columbiamissourian.com for local news

🔴 HIGH PRIORITY:
• None

🔄 IN PROGRESS:
Follow up with VA on eBay parts listing

🤖 AGENT TEAM
• Monica: Project management (6 AM)
• Dwight: Research (morning + afternoon - autonomous income)
• Picasso: T-shirt designs
• Lois: eCommerce uploads
• Addy: TikTok/X/FB marketing

💡 MONEY IDEAS (Autonomous Income - 2x Daily Research)
1. **1. Landing Page Funnel** — $3k+/mo
2. **2. Affiliate Links in Content** — $500-2k/mo
3. **3. Email Sequence** — $3k+/mo

━━━━━━━━━━━━━━━━━━━━━━━━━━━━━━━━━━━━━━
Have a great day, Boss! 🦅

Brief saved to /Users/five/.openclaw/workspace/scripts/todays-morning-brief.txt
GOOD MORNING, BOSS — Monday, April 20th, 2026
━━━━━━━━━━━━━━━━━━━━━━━━━━━━━━━━━━━━━━

📍 LOCATION: Columbia, MO
🌡️ WEATHER: 43°F — Clear sky

📰 TOP NEWS
• Check news sources for latest headlines
• Visit cnn.com, bbc.com, or reuters.com
• Visit columbiamissourian.com for local news

🔴 HIGH PRIORITY:
• None

🔄 IN PROGRESS:
• None

🤖 AGENT TEAM
• Monica: Project management (6 AM)
• Dwight: Research (morning + afternoon - autonomous income)
• Picasso: T-shirt designs
• Lois: eCommerce uploads
• Addy: TikTok/X/FB marketing

💡 MONEY IDEAS (Autonomous Income - 2x Daily Research)
1. **1. Landing Page Funnel** — $3k+/mo
2. **2. Affiliate Links in Content** — $500-2k/mo
3. **3. Email Sequence** — $3k+/mo

━━━━━━━━━━━━━━━━━━━━━━━━━━━━━━━━━━━━━━
Have a great day, Boss! 🦅

Brief saved to /Users/five/.openclaw/workspace/scripts/todays-morning-brief.txt
GOOD MORNING, BOSS — Tuesday, April 21st, 2026
━━━━━━━━━━━━━━━━━━━━━━━━━━━━━━━━━━━━━━

📍 LOCATION: Columbia, MO
🌡️ WEATHER: Unavailable

📰 TOP NEWS
• Check news sources for latest headlines
• Visit cnn.com, bbc.com, or reuters.com
• Visit columbiamissourian.com for local news

🔴 HIGH PRIORITY:
• None

🔄 IN PROGRESS:
Call Lowes about the hot tub

🤖 AGENT TEAM
• Monica: Project management (6 AM)
• Dwight: Research (morning + afternoon - autonomous income)
• Picasso: T-shirt designs
• Lois: eCommerce uploads
• Addy: TikTok/X/FB marketing

💡 MONEY IDEAS (Autonomous Income - 2x Daily Research)
1. **1. Landing Page Funnel** — $3k+/mo
2. **2. Affiliate Links in Content** — $500-2k/mo
3. **3. Email Sequence** — $3k+/mo

━━━━━━━━━━━━━━━━━━━━━━━━━━━━━━━━━━━━━━
Have a great day, Boss! 🦅

Brief saved to /Users/five/.openclaw/workspace/scripts/todays-morning-brief.txt
GOOD MORNING, BOSS — Wednesday, April 22nd, 2026
━━━━━━━━━━━━━━━━━━━━━━━━━━━━━━━━━━━━━━

📍 LOCATION: Columbia, MO
🌡️ WEATHER: Unavailable

📰 TOP NEWS
• Check news sources for latest headlines
• Visit cnn.com, bbc.com, or reuters.com
• Visit columbiamissourian.com for local news

🔴 HIGH PRIORITY:
• None

🔄 IN PROGRESS:
Call Lowes about the hot tub

🤖 AGENT TEAM
• Monica: Project management (6 AM)
• Dwight: Research (morning + afternoon - autonomous income)
• Picasso: T-shirt designs
• Lois: eCommerce uploads
• Addy: TikTok/X/FB marketing

💡 MONEY IDEAS (Autonomous Income - 2x Daily Research)
1. **1. Landing Page Funnel** — $3k+/mo
2. **2. Affiliate Links in Content** — $500-2k/mo
3. **3. Email Sequence** — $3k+/mo

━━━━━━━━━━━━━━━━━━━━━━━━━━━━━━━━━━━━━━
Have a great day, Boss! 🦅

Brief saved to /Users/five/.openclaw/workspace/scripts/todays-morning-brief.txt
GOOD MORNING, BOSS — Thursday, April 23rd, 2026
━━━━━━━━━━━━━━━━━━━━━━━━━━━━━━━━━━━━━━

📍 LOCATION: Columbia, MO
🌡️ WEATHER: Unavailable

📰 TOP NEWS
• Check news sources for latest headlines
• Visit cnn.com, bbc.com, or reuters.com
• Visit columbiamissourian.com for local news

🔴 HIGH PRIORITY:
• None

🔄 IN PROGRESS:
• None

🤖 AGENT TEAM
• Monica: Project management (6 AM)
• Dwight: Research (morning + afternoon - autonomous income)
• Picasso: T-shirt designs
• Lois: eCommerce uploads
• Addy: TikTok/X/FB marketing

💡 MONEY IDEAS (Autonomous Income - 2x Daily Research)
1. **1. Landing Page Funnel** — $3k+/mo
2. **2. Affiliate Links in Content** — $500-2k/mo
3. **3. Email Sequence** — $3k+/mo

━━━━━━━━━━━━━━━━━━━━━━━━━━━━━━━━━━━━━━
Have a great day, Boss! 🦅

Brief saved to /Users/five/.openclaw/workspace/scripts/todays-morning-brief.txt
GOOD MORNING, BOSS — Friday, April 24th, 2026
━━━━━━━━━━━━━━━━━━━━━━━━━━━━━━━━━━━━━━

📍 LOCATION: Columbia, MO
🌡️ WEATHER: Unavailable

📰 TOP NEWS
• Check news sources for latest headlines
• Visit cnn.com, bbc.com, or reuters.com
• Visit columbiamissourian.com for local news

🔴 HIGH PRIORITY:
• None

🔄 IN PROGRESS:
• None

🤖 AGENT TEAM
• Monica: Project management (6 AM)
• Dwight: Research (morning + afternoon - autonomous income)
• Picasso: T-shirt designs
• Lois: eCommerce uploads
• Addy: TikTok/X/FB marketing

💡 MONEY IDEAS (Autonomous Income - 2x Daily Research)
1. **1. Landing Page Funnel** — $3k+/mo
2. **2. Affiliate Links in Content** — $500-2k/mo
3. **3. Email Sequence** — $3k+/mo

━━━━━━━━━━━━━━━━━━━━━━━━━━━━━━━━━━━━━━
Have a great day, Boss! 🦅

Brief saved to /Users/five/.openclaw/workspace/scripts/todays-morning-brief.txt
GOOD MORNING, BOSS — Saturday, April 25th, 2026
━━━━━━━━━━━━━━━━━━━━━━━━━━━━━━━━━━━━━━

📍 LOCATION: Columbia, MO
🌡️ WEATHER: 50°F — Clear sky

📰 TOP NEWS
• Check news sources for latest headlines
• Visit cnn.com, bbc.com, or reuters.com
• Visit columbiamissourian.com for local news

🔴 HIGH PRIORITY:
• None

🔄 IN PROGRESS:
• None

🤖 AGENT TEAM
• Monica: Project management (6 AM)
• Dwight: Research (morning + afternoon - autonomous income)
• Picasso: T-shirt designs
• Lois: eCommerce uploads
• Addy: TikTok/X/FB marketing

💡 MONEY IDEAS (Autonomous Income - 2x Daily Research)
1. **1. Landing Page Funnel** — $3k+/mo
2. **2. Affiliate Links in Content** — $500-2k/mo
3. **3. Email Sequence** — $3k+/mo

━━━━━━━━━━━━━━━━━━━━━━━━━━━━━━━━━━━━━━
Have a great day, Boss! 🦅

Brief saved to /Users/five/.openclaw/workspace/scripts/todays-morning-brief.txt
GOOD MORNING, BOSS — Sunday, April 26th, 2026
━━━━━━━━━━━━━━━━━━━━━━━━━━━━━━━━━━━━━━

📍 LOCATION: Columbia, MO
🌡️ WEATHER: Unavailable

📰 TOP NEWS
• Check news sources for latest headlines
• Visit cnn.com, bbc.com, or reuters.com
• Visit columbiamissourian.com for local news

🔴 HIGH PRIORITY:
• None

🔄 IN PROGRESS:
• None

🤖 AGENT TEAM
• Monica: Project management (6 AM)
• Dwight: Research (morning + afternoon - autonomous income)
• Picasso: T-shirt designs
• Lois: eCommerce uploads
• Addy: TikTok/X/FB marketing

💡 MONEY IDEAS (Autonomous Income - 2x Daily Research)
1. **1. Landing Page Funnel** — $3k+/mo
2. **2. Affiliate Links in Content** — $500-2k/mo
3. **3. Email Sequence** — $3k+/mo

━━━━━━━━━━━━━━━━━━━━━━━━━━━━━━━━━━━━━━
Have a great day, Boss! 🦅

Brief saved to /Users/five/.openclaw/workspace/scripts/todays-morning-brief.txt
GOOD MORNING, BOSS — Monday, April 27th, 2026
━━━━━━━━━━━━━━━━━━━━━━━━━━━━━━━━━━━━━━

📍 LOCATION: Columbia, MO
🌡️ WEATHER: Unavailable

📰 TOP NEWS
• Check news sources for latest headlines
• Visit cnn.com, bbc.com, or reuters.com
• Visit columbiamissourian.com for local news

🔴 HIGH PRIORITY:
• None

🔄 IN PROGRESS:
• None

🤖 AGENT TEAM
• Monica: Project management (6 AM)
• Dwight: Research (morning + afternoon - autonomous income)
• Picasso: T-shirt designs
• Lois: eCommerce uploads
• Addy: TikTok/X/FB marketing

💡 MONEY IDEAS (Autonomous Income - 2x Daily Research)
1. **1. Landing Page Funnel** — $3k+/mo
2. **2. Affiliate Links in Content** — $500-2k/mo
3. **3. Email Sequence** — $3k+/mo

━━━━━━━━━━━━━━━━━━━━━━━━━━━━━━━━━━━━━━
Have a great day, Boss! 🦅

Brief saved to /Users/five/.openclaw/workspace/scripts/todays-morning-brief.txt
GOOD MORNING, BOSS — Tuesday, April 28th, 2026
━━━━━━━━━━━━━━━━━━━━━━━━━━━━━━━━━━━━━━

📍 LOCATION: Columbia, MO
🌡️ WEATHER: Unavailable

📰 TOP NEWS
• Check news sources for latest headlines
• Visit cnn.com, bbc.com, or reuters.com
• Visit columbiamissourian.com for local news

🔴 HIGH PRIORITY:
• None

🔄 IN PROGRESS:
• None

🤖 AGENT TEAM
• Monica: Project management (6 AM)
• Dwight: Research (morning + afternoon - autonomous income)
• Picasso: T-shirt designs
• Lois: eCommerce uploads
• Addy: TikTok/X/FB marketing

💡 MONEY IDEAS (Autonomous Income - 2x Daily Research)
1. **1. Landing Page Funnel** — $3k+/mo
2. **2. Affiliate Links in Content** — $500-2k/mo
3. **3. Email Sequence** — $3k+/mo

━━━━━━━━━━━━━━━━━━━━━━━━━━━━━━━━━━━━━━
Have a great day, Boss! 🦅

Brief saved to /Users/five/.openclaw/workspace/scripts/todays-morning-brief.txt
GOOD MORNING, BOSS — Wednesday, April 29th, 2026
━━━━━━━━━━━━━━━━━━━━━━━━━━━━━━━━━━━━━━

📍 LOCATION: Columbia, MO
🌡️ WEATHER: Unavailable

📰 TOP NEWS
• Check news sources for latest headlines
• Visit cnn.com, bbc.com, or reuters.com
• Visit columbiamissourian.com for local news

🔴 HIGH PRIORITY:
• None

🔄 IN PROGRESS:
• None

🤖 AGENT TEAM
• Monica: Project management (6 AM)
• Dwight: Research (morning + afternoon - autonomous income)
• Picasso: T-shirt designs
• Lois: eCommerce uploads
• Addy: TikTok/X/FB marketing

💡 MONEY IDEAS (Autonomous Income - 2x Daily Research)
1. **1. Landing Page Funnel** — $3k+/mo
2. **2. Affiliate Links in Content** — $500-2k/mo
3. **3. Email Sequence** — $3k+/mo

━━━━━━━━━━━━━━━━━━━━━━━━━━━━━━━━━━━━━━
Have a great day, Boss! 🦅

Brief saved to /Users/five/.openclaw/workspace/scripts/todays-morning-brief.txt
GOOD MORNING, BOSS — Thursday, April 30th, 2026
━━━━━━━━━━━━━━━━━━━━━━━━━━━━━━━━━━━━━━

📍 LOCATION: Columbia, MO
🌡️ WEATHER: Unavailable

📰 TOP NEWS
• Check news sources for latest headlines
• Visit cnn.com, bbc.com, or reuters.com
• Visit columbiamissourian.com for local news

🔴 HIGH PRIORITY:
• None

🔄 IN PROGRESS:
• None

🤖 AGENT TEAM
• Monica: Project management (6 AM)
• Dwight: Research (morning + afternoon - autonomous income)
• Picasso: T-shirt designs
• Lois: eCommerce uploads
• Addy: TikTok/X/FB marketing

💡 MONEY IDEAS (Autonomous Income - 2x Daily Research)
1. **1. Landing Page Funnel** — $3k+/mo
2. **2. Affiliate Links in Content** — $500-2k/mo
3. **3. Email Sequence** — $3k+/mo

━━━━━━━━━━━━━━━━━━━━━━━━━━━━━━━━━━━━━━
Have a great day, Boss! 🦅

Brief saved to /Users/five/.openclaw/workspace/scripts/todays-morning-brief.txt
GOOD MORNING, BOSS — Friday, May 1st, 2026
━━━━━━━━━━━━━━━━━━━━━━━━━━━━━━━━━━━━━━

📍 LOCATION: Columbia, MO
🌡️ WEATHER: Unavailable

📰 TOP NEWS
• Check news sources for latest headlines
• Visit cnn.com, bbc.com, or reuters.com
• Visit columbiamissourian.com for local news

🔴 HIGH PRIORITY:
• None

🔄 IN PROGRESS:
• None

🤖 AGENT TEAM
• Monica: Project management (6 AM)
• Dwight: Research (morning + afternoon - autonomous income)
• Picasso: T-shirt designs
• Lois: eCommerce uploads
• Addy: TikTok/X/FB marketing

💡 MONEY IDEAS (Autonomous Income - 2x Daily Research)
1. **1. Landing Page Funnel** — $3k+/mo
2. **2. Affiliate Links in Content** — $500-2k/mo
3. **3. Email Sequence** — $3k+/mo

━━━━━━━━━━━━━━━━━━━━━━━━━━━━━━━━━━━━━━
Have a great day, Boss! 🦅

Brief saved to /Users/five/.openclaw/workspace/scripts/todays-morning-brief.txt
GOOD MORNING, BOSS — Saturday, May 2nd, 2026
━━━━━━━━━━━━━━━━━━━━━━━━━━━━━━━━━━━━━━

📍 LOCATION: Columbia, MO
🌡️ WEATHER: Unavailable

📰 TOP NEWS
• Check news sources for latest headlines
• Visit cnn.com, bbc.com, or reuters.com
• Visit columbiamissourian.com for local news

🔴 HIGH PRIORITY:
• None

🔄 IN PROGRESS:
• None

🤖 AGENT TEAM
• Monica: Project management (6 AM)
• Dwight: Research (morning + afternoon - autonomous income)
• Picasso: T-shirt designs
• Lois: eCommerce uploads
• Addy: TikTok/X/FB marketing

💡 MONEY IDEAS (Autonomous Income - 2x Daily Research)
1. **1. Landing Page Funnel** — $3k+/mo
2. **2. Affiliate Links in Content** — $500-2k/mo
3. **3. Email Sequence** — $3k+/mo

━━━━━━━━━━━━━━━━━━━━━━━━━━━━━━━━━━━━━━
Have a great day, Boss! 🦅

Brief saved to /Users/five/.openclaw/workspace/scripts/todays-morning-brief.txt
GOOD MORNING, BOSS — Sunday, May 3rd, 2026
━━━━━━━━━━━━━━━━━━━━━━━━━━━━━━━━━━━━━━

📍 LOCATION: Columbia, MO
🌡️ WEATHER: Unavailable

📰 TOP NEWS
• Check news sources for latest headlines
• Visit cnn.com, bbc.com, or reuters.com
• Visit columbiamissourian.com for local news

🔴 HIGH PRIORITY:
• None

🔄 IN PROGRESS:
• None

🤖 AGENT TEAM
• Monica: Project management (6 AM)
• Dwight: Research (morning + afternoon - autonomous income)
• Picasso: T-shirt designs
• Lois: eCommerce uploads
• Addy: TikTok/X/FB marketing

💡 MONEY IDEAS (Autonomous Income - 2x Daily Research)
1. **1. Landing Page Funnel** — $3k+/mo
2. **2. Affiliate Links in Content** — $500-2k/mo
3. **3. Email Sequence** — $3k+/mo

━━━━━━━━━━━━━━━━━━━━━━━━━━━━━━━━━━━━━━
Have a great day, Boss! 🦅

Brief saved to /Users/five/.openclaw/workspace/scripts/todays-morning-brief.txt
GOOD MORNING, BOSS — Monday, May 4th, 2026
━━━━━━━━━━━━━━━━━━━━━━━━━━━━━━━━━━━━━━

📍 LOCATION: Columbia, MO
🌡️ WEATHER: Unavailable

📰 TOP NEWS
• Check news sources for latest headlines
• Visit cnn.com, bbc.com, or reuters.com
• Visit columbiamissourian.com for local news

🔴 HIGH PRIORITY:
• None

🔄 IN PROGRESS:
• None

🤖 AGENT TEAM
• Monica: Project management (6 AM)
• Dwight: Research (morning + afternoon - autonomous income)
• Picasso: T-shirt designs
• Lois: eCommerce uploads
• Addy: TikTok/X/FB marketing

💡 MONEY IDEAS (Autonomous Income - 2x Daily Research)
1. **1. Landing Page Funnel** — $3k+/mo
2. **2. Affiliate Links in Content** — $500-2k/mo
3. **3. Email Sequence** — $3k+/mo

━━━━━━━━━━━━━━━━━━━━━━━━━━━━━━━━━━━━━━
Have a great day, Boss! 🦅

Brief saved to /Users/five/.openclaw/workspace/scripts/todays-morning-brief.txt
GOOD MORNING, BOSS — Tuesday, May 5th, 2026
━━━━━━━━━━━━━━━━━━━━━━━━━━━━━━━━━━━━━━

📍 LOCATION: Columbia, MO
🌡️ WEATHER: Unavailable

📰 TOP NEWS
• Check news sources for latest headlines
• Visit cnn.com, bbc.com, or reuters.com
• Visit columbiamissourian.com for local news

🔴 HIGH PRIORITY:
• None

🔄 IN PROGRESS:
• None

🤖 AGENT TEAM
• Monica: Project management (6 AM)
• Dwight: Research (morning + afternoon - autonomous income)
• Picasso: T-shirt designs
• Lois: eCommerce uploads
• Addy: TikTok/X/FB marketing

💡 MONEY IDEAS (Autonomous Income - 2x Daily Research)
1. **1. Landing Page Funnel** — $3k+/mo
2. **2. Affiliate Links in Content** — $500-2k/mo
3. **3. Email Sequence** — $3k+/mo


💭 QUOTE OF THE DAY
"Believe you can and you're halfway there. — Theodore Roosevelt"

━━━━━━━━━━━━━━━━━━━━━━━━━━━━━━━━━━━━━━
Have a great day, Boss! 🦅

Brief saved to /Users/five/.openclaw/workspace/scripts/todays-morning-brief.txt
GOOD MORNING, BOSS — Wednesday, May 6th, 2026
━━━━━━━━━━━━━━━━━━━━━━━━━━━━━━━━━━━━━━

📍 LOCATION: Columbia, MO
🌡️ WEATHER: Unavailable

📰 TOP NEWS
• Check news sources for latest headlines
• Visit cnn.com, bbc.com, or reuters.com
• Visit columbiamissourian.com for local news

🔴 HIGH PRIORITY:
• None

🔄 IN PROGRESS:
• None

🤖 AGENT TEAM
• Monica: Project management (6 AM)
• Dwight: Research (morning + afternoon - autonomous income)
• Picasso: T-shirt designs
• Lois: eCommerce uploads
• Addy: TikTok/X/FB marketing

💡 MONEY IDEAS (Autonomous Income - 2x Daily Research)
1. **1. Landing Page Funnel** — $3k+/mo
2. **2. Affiliate Links in Content** — $500-2k/mo
3. **3. Email Sequence** — $3k+/mo


💭 QUOTE OF THE DAY
"The only way to do great work is to love what you do. — Steve Jobs"

━━━━━━━━━━━━━━━━━━━━━━━━━━━━━━━━━━━━━━
Have a great day, Boss! 🦅

Brief saved to /Users/five/.openclaw/workspace/scripts/todays-morning-brief.txt
GOOD MORNING, BOSS — Thursday, May 7th, 2026
━━━━━━━━━━━━━━━━━━━━━━━━━━━━━━━━━━━━━━

📍 LOCATION: Columbia, MO
🌡️ WEATHER: Today: 66°/39° — Mainly clear | Tomorrow: 70°/50° — Overcast | Sat: 75°/50° — Clear sky

📰 TOP NEWS
• Check news sources for latest headlines
• Visit cnn.com, bbc.com, or reuters.com
• Visit columbiamissourian.com for local news

🔴 HIGH PRIORITY:
• None

🔄 IN PROGRESS:
Register the dealer stuff
  • Write first 2 chapters

🤖 AGENT TEAM
• Monica: Project management (6 AM)
• Dwight: Research (morning + afternoon - autonomous income)
• Picasso: T-shirt designs
• Lois: eCommerce uploads
• Addy: TikTok/X/FB marketing

💡 MONEY IDEAS (Autonomous Income - 2x Daily Research)
1. **1. Landing Page Funnel** — $3k+/mo
2. **2. Affiliate Links in Content** — $500-2k/mo
3. **3. Email Sequence** — $3k+/mo


💭 QUOTE OF THE DAY
"Hard work beats talent when talent doesn't work hard. — Tim Notke"

━━━━━━━━━━━━━━━━━━━━━━━━━━━━━━━━━━━━━━
Have a great day, Boss! 🦅

Brief saved to /Users/five/.openclaw/workspace/scripts/todays-morning-brief.txt
GOOD MORNING, BOSS — Saturday, May 9th, 2026
━━━━━━━━━━━━━━━━━━━━━━━━━━━━━━━━━━━━━━

📍 LOCATION: Columbia, MO
🌡️ WEATHER: Unavailable

📰 TOP NEWS
• Check news sources for latest headlines
• Visit cnn.com, bbc.com, or reuters.com
• Visit columbiamissourian.com for local news

🔴 HIGH PRIORITY:
• None

🔄 IN PROGRESS:
Register the dealer stuff
  • Write first 2 chapters

🤖 AGENT TEAM
• Monica: Project management (6 AM)
• Dwight: Research (morning + afternoon - autonomous income)
• Picasso: T-shirt designs
• Lois: eCommerce uploads
• Addy: TikTok/X/FB marketing

💡 MONEY IDEAS (Autonomous Income - 2x Daily Research)
1. **1. Landing Page Funnel** — $3k+/mo
2. **2. Affiliate Links in Content** — $500-2k/mo
3. **3. Email Sequence** — $3k+/mo


💭 QUOTE OF THE DAY
"Success is walking from failure to failure with no loss of enthusiasm. — Winston Churchill"

━━━━━━━━━━━━━━━━━━━━━━━━━━━━━━━━━━━━━━
Have a great day, Boss! 🦅

Brief saved to /Users/five/.openclaw/workspace/scripts/todays-morning-brief.txt
GOOD MORNING, BOSS — Sunday, May 10th, 2026
━━━━━━━━━━━━━━━━━━━━━━━━━━━━━━━━━━━━━━

📍 LOCATION: Columbia, MO
🌡️ WEATHER: Unavailable

📰 TOP NEWS
• Check news sources for latest headlines
• Visit cnn.com, bbc.com, or reuters.com
• Visit columbiamissourian.com for local news

🔴 HIGH PRIORITY:
• None

🔄 IN PROGRESS:
Register the dealer stuff
  • Write first 2 chapters

🤖 AGENT TEAM
• Monica: Project management (6 AM)
• Dwight: Research (morning + afternoon - autonomous income)
• Picasso: T-shirt designs
• Lois: eCommerce uploads
• Addy: TikTok/X/FB marketing

💡 MONEY IDEAS (Autonomous Income - 2x Daily Research)
1. **1. Landing Page Funnel** — $3k+/mo
2. **2. Affiliate Links in Content** — $500-2k/mo
3. **3. Email Sequence** — $3k+/mo


💭 QUOTE OF THE DAY
"Believe you can and you're halfway there. — Theodore Roosevelt"

━━━━━━━━━━━━━━━━━━━━━━━━━━━━━━━━━━━━━━
Have a great day, Boss! 🦅

Brief saved to /Users/five/.openclaw/workspace/scripts/todays-morning-brief.txt
GOOD MORNING, BOSS — Monday, May 11th, 2026
━━━━━━━━━━━━━━━━━━━━━━━━━━━━━━━━━━━━━━

📍 LOCATION: Columbia, MO
🌡️ WEATHER: Unavailable

📰 TOP NEWS
• Check news sources for latest headlines
• Visit cnn.com, bbc.com, or reuters.com
• Visit columbiamissourian.com for local news

🔴 HIGH PRIORITY:
• None

🔄 IN PROGRESS:
Register the dealer stuff
  • Write first 2 chapters

🤖 AGENT TEAM
• Monica: Project management (6 AM)
• Dwight: Research (morning + afternoon - autonomous income)
• Picasso: T-shirt designs
• Lois: eCommerce uploads
• Addy: TikTok/X/FB marketing

💡 MONEY IDEAS (Autonomous Income - 2x Daily Research)
1. **1. Landing Page Funnel** — $3k+/mo
2. **2. Affiliate Links in Content** — $500-2k/mo
3. **3. Email Sequence** — $3k+/mo


💭 QUOTE OF THE DAY
"Hard work beats talent when talent doesn't work hard. — Tim Notke"

━━━━━━━━━━━━━━━━━━━━━━━━━━━━━━━━━━━━━━
Have a great day, Boss! 🦅

Brief saved to /Users/five/.openclaw/workspace/scripts/todays-morning-brief.txt
GOOD MORNING, BOSS — Tuesday, May 12th, 2026
━━━━━━━━━━━━━━━━━━━━━━━━━━━━━━━━━━━━━━

📍 LOCATION: Columbia, MO
🌡️ WEATHER: Today: 80°/53° — Overcast | Tomorrow: 76°/54° — Overcast | Thu: 72°/48° — Overcast

📰 TOP NEWS
• Check news sources for latest headlines
• Visit cnn.com, bbc.com, or reuters.com
• Visit columbiamissourian.com for local news

🔴 HIGH PRIORITY:
• None

🔄 IN PROGRESS:
• None

🤖 AGENT TEAM
• Monica: Project management (6 AM)
• Dwight: Research (morning + afternoon - autonomous income)
• Picasso: T-shirt designs
• Lois: eCommerce uploads
• Addy: TikTok/X/FB marketing

💡 MONEY IDEAS (Autonomous Income - 2x Daily Research)
1. **1. Landing Page Funnel** — $3k+/mo
2. **2. Affiliate Links in Content** — $500-2k/mo
3. **3. Email Sequence** — $3k+/mo


💭 QUOTE OF THE DAY
"It does not matter how slowly you go as long as you do not stop. — Confucius"

━━━━━━━━━━━━━━━━━━━━━━━━━━━━━━━━━━━━━━
Have a great day, Boss! 🦅

Brief saved to /Users/five/.openclaw/workspace/scripts/todays-morning-brief.txt
GOOD MORNING, BOSS — Wednesday, May 13th, 2026
━━━━━━━━━━━━━━━━━━━━━━━━━━━━━━━━━━━━━━

📍 LOCATION: Columbia, MO
🌡️ WEATHER: Today: 78°/54° — Clear sky | Tomorrow: 79°/49° — Overcast | Fri: 84°/59° — Thunderstorm

📰 TOP NEWS
• Check news sources for latest headlines
• Visit cnn.com, bbc.com, or reuters.com
• Visit columbiamissourian.com for local news

🔴 HIGH PRIORITY:
• None

🔄 IN PROGRESS:
• None

🤖 AGENT TEAM
• Monica: Project management (6 AM)
• Dwight: Research (morning + afternoon - autonomous income)
• Picasso: T-shirt designs
• Lois: eCommerce uploads
• Addy: TikTok/X/FB marketing

💡 MONEY IDEAS (Autonomous Income - 2x Daily Research)
1. **1. Landing Page Funnel** — $3k+/mo
2. **2. Affiliate Links in Content** — $500-2k/mo
3. **3. Email Sequence** — $3k+/mo


💭 QUOTE OF THE DAY
"Believe you can and you're halfway there. — Theodore Roosevelt"

━━━━━━━━━━━━━━━━━━━━━━━━━━━━━━━━━━━━━━
Have a great day, Boss! 🦅

Brief saved to /Users/five/.openclaw/workspace/scripts/todays-morning-brief.txt
GOOD MORNING, BOSS — Thursday, May 14th, 2026
━━━━━━━━━━━━━━━━━━━━━━━━━━━━━━━━━━━━━━

📍 LOCATION: Columbia, MO
🌡️ WEATHER: Today: 77°/46° — Overcast | Tomorrow: 91°/61° — Slight rain | Sat: 88°/62° — Light drizzle

📰 TOP NEWS
• Check news sources for latest headlines
• Visit cnn.com, bbc.com, or reuters.com
• Visit columbiamissourian.com for local news

🔴 HIGH PRIORITY:
• None

🔄 IN PROGRESS:
• None

🤖 AGENT TEAM
• Monica: Project management (6 AM)
• Dwight: Research (morning + afternoon - autonomous income)
• Picasso: T-shirt designs
• Lois: eCommerce uploads
• Addy: TikTok/X/FB marketing

💡 MONEY IDEAS (Autonomous Income - 2x Daily Research)
1. **1. Landing Page Funnel** — $3k+/mo
2. **2. Affiliate Links in Content** — $500-2k/mo
3. **3. Email Sequence** — $3k+/mo


💭 QUOTE OF THE DAY
"Success is not final, failure is not fatal: it is the courage to continue that counts. — Winston Churchill"

━━━━━━━━━━━━━━━━━━━━━━━━━━━━━━━━━━━━━━
Have a great day, Boss! 🦅

Brief saved to /Users/five/.openclaw/workspace/scripts/todays-morning-brief.txt
GOOD MORNING, BOSS — Friday, May 15th, 2026
━━━━━━━━━━━━━━━━━━━━━━━━━━━━━━━━━━━━━━

📍 LOCATION: Columbia, MO
🌡️ WEATHER: Unavailable

📰 TOP NEWS
• Emails show FBI Director Kash Patel's Hawaii trip included 'VIP snorkel' at a Pearl Harbor memorial
• ‘No idea it was coming’: Pentagon officials stunned by Hegseth decision on troops in Poland
• Check columbiamissourian.com for local news

🔴 HIGH PRIORITY:
• None

🔄 IN PROGRESS:
• None

🤖 AGENT TEAM
• Monica: Project management (6 AM)
• Dwight: Research (morning + afternoon - autonomous income)
• Picasso: T-shirt designs
• Lois: eCommerce uploads
• Addy: TikTok/X/FB marketing

💡 MONEY IDEAS (Autonomous Income - 2x Daily Research)
1. Landing Page Funnel — $3k+/mo
2. Affiliate Links in Content — $500-2k/mo
3. Email Sequence — $3k+/mo


💭 QUOTE OF THE DAY
"The only impossible journey is the one you never begin. — Tony Robbins"

━━━━━━━━━━━━━━━━━━━━━━━━━━━━━━━━━━━━━━
Have a great day, Boss! 🦅

Brief saved to /Users/five/.openclaw/workspace/scripts/todays-morning-brief.txt
GOOD MORNING, BOSS — Saturday, May 16th, 2026
━━━━━━━━━━━━━━━━━━━━━━━━━━━━━━━━━━━━━━

📍 LOCATION: Columbia, MO
🌡️ WEATHER: Today: 89°/66° — Overcast | Tomorrow: 88°/70° — Overcast | Mon: 87°/71° — Thunderstorm

📰 TOP NEWS
• Judge to weigh Democrats' bid to block Trump's executive order on voting
• Pentagon officials stunned by Hegseth decision on troops in Poland
• Check columbiamissourian.com for local news

🔴 HIGH PRIORITY:
• None

🔄 IN PROGRESS:
• None

🤖 AGENT TEAM
• Monica: Project management (6 AM)
• Dwight: Research (morning + afternoon - autonomous income)
• Picasso: T-shirt designs
• Lois: eCommerce uploads
• Addy: TikTok/X/FB marketing

💡 MONEY IDEAS (Autonomous Income - 2x Daily Research)
1. Landing Page Funnel — $3k+/mo
2. Affiliate Links in Content — $500-2k/mo
3. Email Sequence — $3k+/mo


💭 QUOTE OF THE DAY
"Hard work beats talent when talent doesn't work hard. — Tim Notke"

━━━━━━━━━━━━━━━━━━━━━━━━━━━━━━━━━━━━━━
Have a great day, Boss! 🦅

Brief saved to /Users/five/.openclaw/workspace/scripts/todays-morning-brief.txt
GOOD MORNING, BOSS — Sunday, May 17th, 2026
━━━━━━━━━━━━━━━━━━━━━━━━━━━━━━━━━━━━━━

📍 LOCATION: Columbia, MO
🌡️ WEATHER: Today: 89°/66° — Overcast | Tomorrow: 86°/65° — Thunderstorm | Tue: 77°/60° — Thunderstorm

📰 TOP NEWS
• Zelenskiy says Russia considering plan to attack NATO country from Belarus
• Former top Russian official admits the country is over Putin and can ‘imagine a future without him’ — even elites bail a
• Check columbiamissourian.com for local news

🔴 HIGH PRIORITY:
• None

🔄 IN PROGRESS:
• None

🤖 AGENT TEAM
• Monica: Project management (6 AM)
• Dwight: Research (morning + afternoon - autonomous income)
• Picasso: T-shirt designs
• Lois: eCommerce uploads
• Addy: TikTok/X/FB marketing

💡 MONEY IDEAS (Autonomous Income - 2x Daily Research)
1. Landing Page Funnel — $3k+/mo
2. Affiliate Links in Content — $500-2k/mo
3. Email Sequence — $3k+/mo


💭 QUOTE OF THE DAY
"The only impossible journey is the one you never begin. — Tony Robbins"

━━━━━━━━━━━━━━━━━━━━━━━━━━━━━━━━━━━━━━
Have a great day, Boss! 🦅

Brief saved to /Users/five/.openclaw/workspace/scripts/todays-morning-brief.txt
GOOD MORNING, BOSS — Monday, May 18th, 2026
━━━━━━━━━━━━━━━━━━━━━━━━━━━━━━━━━━━━━━

📍 LOCATION: Columbia, MO
🌡️ WEATHER: Unavailable

📰 TOP NEWS
• Trump threatens to pull endorsement of US Representative Lauren Boebert after she campaigns for Massie
• My husband was unemployed for 10 months. He finally landed a job when he turned up at an office with a box of doughnuts.
• Check columbiamissourian.com for local news

🔴 HIGH PRIORITY:
• None

🔄 IN PROGRESS:
Paperwork for Farmington
  • Call the UL guy

🤖 AGENT TEAM
• Monica: Project management (6 AM)
• Dwight: Research (morning + afternoon - autonomous income)
• Picasso: T-shirt designs
• Lois: eCommerce uploads
• Addy: TikTok/X/FB marketing

💡 MONEY IDEAS (Autonomous Income - 2x Daily Research)
1. Landing Page Funnel — $3k+/mo
2. Affiliate Links in Content — $500-2k/mo
3. Email Sequence — $3k+/mo


💭 QUOTE OF THE DAY
"Hard work beats talent when talent doesn't work hard. — Tim Notke"

━━━━━━━━━━━━━━━━━━━━━━━━━━━━━━━━━━━━━━
Have a great day, Boss! 🦅

Brief saved to /Users/five/.openclaw/workspace/scripts/todays-morning-brief.txt
GOOD MORNING, BOSS — Thursday, May 21st, 2026
━━━━━━━━━━━━━━━━━━━━━━━━━━━━━━━━━━━━━━

📍 LOCATION: Columbia, MO
🌡️ WEATHER: Unavailable

📰 TOP NEWS
• The Latest: US government will permanently drop tax claims against Trump as part of IRS lawsuit deal
• 'Point of no return': A research firm says the oil market is headed for a dire turning point by early June
• Check columbiamissourian.com for local news

🔴 HIGH PRIORITY:
• None

🔄 IN PROGRESS:
Paperwork for Farmington
  • Call the UL guy

🤖 AGENT TEAM
• Monica: Project management (6 AM)
• Dwight: Research (morning + afternoon - autonomous income)
• Picasso: T-shirt designs
• Lois: eCommerce uploads
• Addy: TikTok/X/FB marketing

💡 MONEY IDEAS (Autonomous Income - 2x Daily Research)
1. Landing Page Funnel — $3k+/mo
2. Affiliate Links in Content — $500-2k/mo
3. Email Sequence — $3k+/mo


💭 QUOTE OF THE DAY
"Success is walking from failure to failure with no loss of enthusiasm. — Winston Churchill"

━━━━━━━━━━━━━━━━━━━━━━━━━━━━━━━━━━━━━━
Have a great day, Boss! 🦅

Brief saved to /Users/five/.openclaw/workspace/scripts/todays-morning-brief.txt
GOOD MORNING, BOSS — Friday, May 22nd, 2026
━━━━━━━━━━━━━━━━━━━━━━━━━━━━━━━━━━━━━━

📍 LOCATION: Columbia, MO
🌡️ WEATHER: Unavailable

📰 TOP NEWS
• Poland welcomes U.S. statements that troop reduction there is temporary
• Apple cofounder Steve Wozniak got cheers, not boos, after telling students they 'all have AI — actual intelligence'
• Check columbiamissourian.com for local news

🔴 HIGH PRIORITY:
• None

🔄 IN PROGRESS:
Paperwork for Farmington
  • Call the UL guy

🤖 AGENT TEAM
• Monica: Project management (6 AM)
• Dwight: Research (morning + afternoon - autonomous income)
• Picasso: T-shirt designs
• Lois: eCommerce uploads
• Addy: TikTok/X/FB marketing

💡 MONEY IDEAS (Autonomous Income - 2x Daily Research)
1. Landing Page Funnel — $3k+/mo
2. Affiliate Links in Content — $500-2k/mo
3. Email Sequence — $3k+/mo


💭 QUOTE OF THE DAY
"The only impossible journey is the one you never begin. — Tony Robbins"

━━━━━━━━━━━━━━━━━━━━━━━━━━━━━━━━━━━━━━
Have a great day, Boss! 🦅

Brief saved to /Users/five/.openclaw/workspace/scripts/todays-morning-brief.txt
GOOD MORNING, BOSS — Saturday, May 23rd, 2026
━━━━━━━━━━━━━━━━━━━━━━━━━━━━━━━━━━━━━━

📍 LOCATION: Columbia, MO
🌡️ WEATHER: Unavailable

📰 TOP NEWS
• Judges in Maine and Wisconsin dismiss Justice Department's attempts to force turnover of voter rolls
• Former CDC director on Ebola outbreak: ‘I suspect this is going to become a very significant pandemic’
• Check columbiamissourian.com for local news

🔴 HIGH PRIORITY:
• None

🔄 IN PROGRESS:
Paperwork for Farmington
  • Call the UL guy

🤖 AGENT TEAM
• Monica: Project management (6 AM)
• Dwight: Research (morning + afternoon - autonomous income)
• Picasso: T-shirt designs
• Lois: eCommerce uploads
• Addy: TikTok/X/FB marketing

💡 MONEY IDEAS (Autonomous Income - 2x Daily Research)
1. Landing Page Funnel — $3k+/mo
2. Affiliate Links in Content — $500-2k/mo
3. Email Sequence — $3k+/mo


💭 QUOTE OF THE DAY
"Believe you can and you're halfway there. — Theodore Roosevelt"

━━━━━━━━━━━━━━━━━━━━━━━━━━━━━━━━━━━━━━
Have a great day, Boss! 🦅

Brief saved to /Users/five/.openclaw/workspace/scripts/todays-morning-brief.txt
GOOD MORNING, BOSS — Sunday, May 24th, 2026
━━━━━━━━━━━━━━━━━━━━━━━━━━━━━━━━━━━━━━

📍 LOCATION: Columbia, MO
🌡️ WEATHER: Unavailable

📰 TOP NEWS
• Trump's Justice Department scrubs its website of news releases about Jan. 6 defendants
• House Democrat introduces bill to block Postal Service from mailing handguns
• Check columbiamissourian.com for local news

🔴 HIGH PRIORITY:
• None

🔄 IN PROGRESS:
Paperwork for Farmington
  • Call the UL guy

🤖 AGENT TEAM
• Monica: Project management (6 AM)
• Dwight: Research (morning + afternoon - autonomous income)
• Picasso: T-shirt designs
• Lois: eCommerce uploads
• Addy: TikTok/X/FB marketing

💡 MONEY IDEAS (Autonomous Income - 2x Daily Research)
1. Landing Page Funnel — $3k+/mo
2. Affiliate Links in Content — $500-2k/mo
3. Email Sequence — $3k+/mo


💭 QUOTE OF THE DAY
"Your limitation—it's only your imagination. — Unknown"

━━━━━━━━━━━━━━━━━━━━━━━━━━━━━━━━━━━━━━
Have a great day, Boss! 🦅

Brief saved to /Users/five/.openclaw/workspace/scripts/todays-morning-brief.txt
GOOD MORNING, BOSS — Monday, May 25th, 2026
━━━━━━━━━━━━━━━━━━━━━━━━━━━━━━━━━━━━━━

📍 LOCATION: Columbia, MO
🌡️ WEATHER: Today: 80°/55° — Partly cloudy | Tomorrow: 81°/57° — Overcast | Wed: 80°/63° — Slight showers

📰 TOP NEWS
• Trump's Justice Department scrubs its website of news releases about Jan. 6 defendants
• A Ukrainian crew said its Italian tank gun hit a house that was 120 football fields away
• Check columbiamissourian.com for local news

🔴 HIGH PRIORITY:
• None

🔄 IN PROGRESS:
Paperwork for Farmington
  • Call the UL guy

🤖 AGENT TEAM
• Monica: Project management (6 AM)
• Dwight: Research (morning + afternoon - autonomous income)
• Picasso: T-shirt designs
• Lois: eCommerce uploads
• Addy: TikTok/X/FB marketing

💡 MONEY IDEAS (Autonomous Income - 2x Daily Research)
1. Landing Page Funnel — $3k+/mo
2. Affiliate Links in Content — $500-2k/mo
3. Email Sequence — $3k+/mo


💭 QUOTE OF THE DAY
"Success is walking from failure to failure with no loss of enthusiasm. — Winston Churchill"

━━━━━━━━━━━━━━━━━━━━━━━━━━━━━━━━━━━━━━
Have a great day, Boss! 🦅

Brief saved to /Users/five/.openclaw/workspace/scripts/todays-morning-brief.txt
GOOD MORNING, BOSS — Tuesday, May 26th, 2026
━━━━━━━━━━━━━━━━━━━━━━━━━━━━━━━━━━━━━━

📍 LOCATION: Columbia, MO
🌡️ WEATHER: Unavailable

📰 TOP NEWS
• Young men storm a Congo hospital treating Ebola patients to demand bodies of their kin
• A Ukrainian crew said its Italian tank gun hit a house that was 120 football fields away
• Check columbiamissourian.com for local news

🔴 HIGH PRIORITY:
• None

🔄 IN PROGRESS:
Paperwork for Farmington
  • Call the UL guy

🤖 AGENT TEAM
• Monica: Project management (6 AM)
• Dwight: Research (morning + afternoon - autonomous income)
• Picasso: T-shirt designs
• Lois: eCommerce uploads
• Addy: TikTok/X/FB marketing

💡 MONEY IDEAS (Autonomous Income - 2x Daily Research)
1. Landing Page Funnel — $3k+/mo
2. Affiliate Links in Content — $500-2k/mo
3. Email Sequence — $3k+/mo


💭 QUOTE OF THE DAY
"Hard work beats talent when talent doesn't work hard. — Tim Notke"

━━━━━━━━━━━━━━━━━━━━━━━━━━━━━━━━━━━━━━
Have a great day, Boss! 🦅

Brief saved to /Users/five/.openclaw/workspace/scripts/todays-morning-brief.txt
GOOD MORNING, BOSS — Wednesday, May 27th, 2026
━━━━━━━━━━━━━━━━━━━━━━━━━━━━━━━━━━━━━━

📍 LOCATION: Columbia, MO
🌡️ WEATHER: Unavailable

📰 TOP NEWS
• Biden sues Justice Department to stop release of audio and transcripts tied to special counsel probe
• ‘Designated target’ Mojtaba Khamenei to sign Trump deal in ‘unprecedented’ courier setup
• Check columbiamissourian.com for local news

🔴 HIGH PRIORITY:
• None

🔄 IN PROGRESS:
Paperwork for Farmington
  • Call the UL guy

🤖 AGENT TEAM
• Monica: Project management (6 AM)
• Dwight: Research (morning + afternoon - autonomous income)
• Picasso: T-shirt designs
• Lois: eCommerce uploads
• Addy: TikTok/X/FB marketing

💡 MONEY IDEAS (Autonomous Income - 2x Daily Research)
1. Landing Page Funnel — $3k+/mo
2. Affiliate Links in Content — $500-2k/mo
3. Email Sequence — $3k+/mo


💭 QUOTE OF THE DAY
"Hard work beats talent when talent doesn't work hard. — Tim Notke"

━━━━━━━━━━━━━━━━━━━━━━━━━━━━━━━━━━━━━━
Have a great day, Boss! 🦅

Brief saved to /Users/five/.openclaw/workspace/scripts/todays-morning-brief.txt
GOOD MORNING, BOSS — Thursday, May 28th, 2026
━━━━━━━━━━━━━━━━━━━━━━━━━━━━━━━━━━━━━━

📍 LOCATION: Columbia, MO
🌡️ WEATHER: Unavailable

📰 TOP NEWS
• An unhealthy focus on sex - Married at First Sight UK insiders on show's 'toxic' culture
• Teenager is 10th person to die in water during heatwave
• Check columbiamissourian.com for local news

🔴 HIGH PRIORITY:
• None

🔄 IN PROGRESS:
Paperwork for Farmington
  • Call the UL guy

🤖 AGENT TEAM
• Monica: Project management (6 AM)
• Dwight: Research (morning + afternoon - autonomous income)
• Picasso: T-shirt designs
• Lois: eCommerce uploads
• Addy: TikTok/X/FB marketing

💡 MONEY IDEAS (Autonomous Income - 2x Daily Research)
1. Landing Page Funnel — $3k+/mo
2. Affiliate Links in Content — $500-2k/mo
3. Email Sequence — $3k+/mo


💭 QUOTE OF THE DAY
"Hard work beats talent when talent doesn't work hard. — Tim Notke"

━━━━━━━━━━━━━━━━━━━━━━━━━━━━━━━━━━━━━━
Have a great day, Boss! 🦅

Brief saved to /Users/five/.openclaw/workspace/scripts/todays-morning-brief.txt
GOOD MORNING, BOSS — Friday, May 29th, 2026
━━━━━━━━━━━━━━━━━━━━━━━━━━━━━━━━━━━━━━

📍 LOCATION: Columbia, MO
🌡️ WEATHER: Unavailable

📰 TOP NEWS
• With a stalemate in Ukraine and discontent at home, Putin seems ready to escalate his war
• Even if every California billionaire left tomorrow, it would take 25 years for the state to lose as much as it stands to
• Check columbiamissourian.com for local news

🔴 HIGH PRIORITY:
• None

🔄 IN PROGRESS:
Paperwork for Farmington
  • Call the UL guy

🤖 AGENT TEAM
• Monica: Project management (6 AM)
• Dwight: Research (morning + afternoon - autonomous income)
• Picasso: T-shirt designs
• Lois: eCommerce uploads
• Addy: TikTok/X/FB marketing

💡 MONEY IDEAS (Autonomous Income - 2x Daily Research)
1. Landing Page Funnel — $3k+/mo
2. Affiliate Links in Content — $500-2k/mo
3. Email Sequence — $3k+/mo


💭 QUOTE OF THE DAY
"It does not matter how slowly you go as long as you do not stop. — Confucius"

━━━━━━━━━━━━━━━━━━━━━━━━━━━━━━━━━━━━━━
Have a great day, Boss! 🦅

Brief saved to /Users/five/.openclaw/workspace/scripts/todays-morning-brief.txt
GOOD MORNING, BOSS — Saturday, May 30th, 2026
━━━━━━━━━━━━━━━━━━━━━━━━━━━━━━━━━━━━━━

📍 LOCATION: Columbia, MO
🌡️ WEATHER: Unavailable

📰 TOP NEWS
• FACT FOCUS: Trump says Obama and Biden spent 'hundreds of millions' on reflecting pool. They did not
• Stalker jailed for murdering ex-girlfriend
• Check columbiamissourian.com for local news

🔴 HIGH PRIORITY:
• None

🔄 IN PROGRESS:
Paperwork for Farmington
  • Call the UL guy

🤖 AGENT TEAM
• Monica: Project management (6 AM)
• Dwight: Research (morning + afternoon - autonomous income)
• Picasso: T-shirt designs
• Lois: eCommerce uploads
• Addy: TikTok/X/FB marketing

💡 MONEY IDEAS (Autonomous Income - 2x Daily Research)
1. Landing Page Funnel — $3k+/mo
2. Affiliate Links in Content — $500-2k/mo
3. Email Sequence — $3k+/mo


💭 QUOTE OF THE DAY
"It does not matter how slowly you go as long as you do not stop. — Confucius"

━━━━━━━━━━━━━━━━━━━━━━━━━━━━━━━━━━━━━━
Have a great day, Boss! 🦅

Brief saved to /Users/five/.openclaw/workspace/scripts/todays-morning-brief.txt
GOOD MORNING, BOSS — Sunday, May 31st, 2026
━━━━━━━━━━━━━━━━━━━━━━━━━━━━━━━━━━━━━━

📍 LOCATION: Columbia, MO
🌡️ WEATHER: Today: 84°/67° — Thunderstorm | Tomorrow: 80°/65° — Drizzle | Tue: 77°/62° — Overcast

📰 TOP NEWS
• Senate Republicans face a political knife-edge over Trump's 'anti-weaponization' fund
• Stalker jailed for murdering ex-girlfriend
• Check columbiamissourian.com for local news

🔴 HIGH PRIORITY:
• None

🔄 IN PROGRESS:
Paperwork for Farmington
  • Call the UL guy

🤖 AGENT TEAM
• Monica: Project management (6 AM)
• Dwight: Research (morning + afternoon - autonomous income)
• Picasso: T-shirt designs
• Lois: eCommerce uploads
• Addy: TikTok/X/FB marketing

💡 MONEY IDEAS (Autonomous Income - 2x Daily Research)
1. Landing Page Funnel — $3k+/mo
2. Affiliate Links in Content — $500-2k/mo
3. Email Sequence — $3k+/mo


💭 QUOTE OF THE DAY
"The only impossible journey is the one you never begin. — Tony Robbins"

━━━━━━━━━━━━━━━━━━━━━━━━━━━━━━━━━━━━━━
Have a great day, Boss! 🦅

Brief saved to /Users/five/.openclaw/workspace/scripts/todays-morning-brief.txt
GOOD MORNING, BOSS — Monday, June 1st, 2026
━━━━━━━━━━━━━━━━━━━━━━━━━━━━━━━━━━━━━━

📍 LOCATION: Columbia, MO
🌡️ WEATHER: Today: 82°/68° — Thunderstorm | Tomorrow: 79°/61° — Thunderstorm | Wed: 78°/53° — Overcast

📰 TOP NEWS
• Concerns mount that Belarus could be a launchpad for a new Russian offensive in Ukraine
• Girl, 15, dies after swimming at beach
• Check columbiamissourian.com for local news

🔴 HIGH PRIORITY:
• None

🔄 IN PROGRESS:
Paperwork for Farmington
  • Call the UL guy

🤖 AGENT TEAM
• Monica: Project management (6 AM)
• Dwight: Research (morning + afternoon - autonomous income)
• Picasso: T-shirt designs
• Lois: eCommerce uploads
• Addy: TikTok/X/FB marketing

💡 MONEY IDEAS (Autonomous Income - 2x Daily Research)
1. Landing Page Funnel — $3k+/mo
2. Affiliate Links in Content — $500-2k/mo
3. Email Sequence — $3k+/mo


💭 QUOTE OF THE DAY
"It does not matter how slowly you go as long as you do not stop. — Confucius"

━━━━━━━━━━━━━━━━━━━━━━━━━━━━━━━━━━━━━━
Have a great day, Boss! 🦅

Brief saved to /Users/five/.openclaw/workspace/scripts/todays-morning-brief.txt
GOOD MORNING, BOSS — Tuesday, June 2nd, 2026
━━━━━━━━━━━━━━━━━━━━━━━━━━━━━━━━━━━━━━

📍 LOCATION: Columbia, MO
🌡️ WEATHER: Unavailable

📰 TOP NEWS
• Zelenskiy says Ukrainian military can hit Russian logistics throughout occupied areas
• Hegseth says ‘see you at SCOTUS’ after appeals court rules Trump admin illegally banned active transgender troops
• Check columbiamissourian.com for local news

🔴 HIGH PRIORITY:
• None

🔄 IN PROGRESS:
Paperwork for Farmington
  • Call the UL guy

🤖 AGENT TEAM
• Monica: Project management (6 AM)
• Dwight: Research (morning + afternoon - autonomous income)
• Picasso: T-shirt designs
• Lois: eCommerce uploads
• Addy: TikTok/X/FB marketing

💡 MONEY IDEAS (Autonomous Income - 2x Daily Research)
1. Landing Page Funnel — $3k+/mo
2. Affiliate Links in Content — $500-2k/mo
3. Email Sequence — $3k+/mo


💭 QUOTE OF THE DAY
"Don't watch the clock; do what it does. Keep going. — Sam Levenson"

━━━━━━━━━━━━━━━━━━━━━━━━━━━━━━━━━━━━━━
Have a great day, Boss! 🦅

Brief saved to /Users/five/.openclaw/workspace/scripts/todays-morning-brief.txt
GOOD MORNING, BOSS — Wednesday, June 3rd, 2026
━━━━━━━━━━━━━━━━━━━━━━━━━━━━━━━━━━━━━━

📍 LOCATION: Columbia, MO
🌡️ WEATHER: Unavailable

📰 TOP NEWS
• Powerful Iran-backed militias in Iraq say they will start handing in weapons to authorities
• Erin Brockovich, the activist who defeated a utility giant and inspired a Julia Roberts film, is pushing data centers to
• Check columbiamissourian.com for local news

🔴 HIGH PRIORITY:
• None

🔄 IN PROGRESS:
Paperwork for Farmington
  • Call the UL guy

🤖 AGENT TEAM
• Monica: Project management (6 AM)
• Dwight: Research (morning + afternoon - autonomous income)
• Picasso: T-shirt designs
• Lois: eCommerce uploads
• Addy: TikTok/X/FB marketing

💡 MONEY IDEAS (Autonomous Income - 2x Daily Research)
1. Landing Page Funnel — $3k+/mo
2. Affiliate Links in Content — $500-2k/mo
3. Email Sequence — $3k+/mo


💭 QUOTE OF THE DAY
"Don't watch the clock; do what it does. Keep going. — Sam Levenson"

━━━━━━━━━━━━━━━━━━━━━━━━━━━━━━━━━━━━━━
Have a great day, Boss! 🦅

Brief saved to /Users/five/.openclaw/workspace/scripts/todays-morning-brief.txt
GOOD MORNING, BOSS — Thursday, June 4th, 2026
━━━━━━━━━━━━━━━━━━━━━━━━━━━━━━━━━━━━━━

📍 LOCATION: Columbia, MO
🌡️ WEATHER: Unavailable

📰 TOP NEWS
• With Trump in a holding pattern on Iran war, allies and critics worry he risks getting boxed in
• Meta launches enterprise-focused AI 'business agent' to automate daily operations
• Check columbiamissourian.com for local news

🔴 HIGH PRIORITY:
• None

🔄 IN PROGRESS:
Paperwork for Farmington
  • Call the UL guy

🤖 AGENT TEAM
• Monica: Project management (6 AM)
• Dwight: Research (morning + afternoon - autonomous income)
• Picasso: T-shirt designs
• Lois: eCommerce uploads
• Addy: TikTok/X/FB marketing

💡 MONEY IDEAS (Autonomous Income - 2x Daily Research)
1. Landing Page Funnel — $3k+/mo
2. Affiliate Links in Content — $500-2k/mo
3. Email Sequence — $3k+/mo


💭 QUOTE OF THE DAY
"Your limitation—it's only your imagination. — Unknown"

━━━━━━━━━━━━━━━━━━━━━━━━━━━━━━━━━━━━━━
Have a great day, Boss! 🦅

Brief saved to /Users/five/.openclaw/workspace/scripts/todays-morning-brief.txt
GOOD MORNING, BOSS — Friday, June 5th, 2026
━━━━━━━━━━━━━━━━━━━━━━━━━━━━━━━━━━━━━━

📍 LOCATION: Columbia, MO
🌡️ WEATHER: Unavailable

📰 TOP NEWS
• Supreme Court sides with Trump administration on federal regulation of telecom companies
• 'The View' erupts after Hostin declares 'I would hold my nose' and vote for scandal-plagued Graham Platner
• Check columbiamissourian.com for local news

🔴 HIGH PRIORITY:
• None

🔄 IN PROGRESS:
Paperwork for Farmington
  • Call the UL guy

🤖 AGENT TEAM
• Monica: Project management (6 AM)
• Dwight: Research (morning + afternoon - autonomous income)
• Picasso: T-shirt designs
• Lois: eCommerce uploads
• Addy: TikTok/X/FB marketing

💡 MONEY IDEAS (Autonomous Income - 2x Daily Research)
1. Landing Page Funnel — $3k+/mo
2. Affiliate Links in Content — $500-2k/mo
3. Email Sequence — $3k+/mo


💭 QUOTE OF THE DAY
"The future belongs to those who believe in the beauty of their dreams. — Eleanor Roosevelt"

━━━━━━━━━━━━━━━━━━━━━━━━━━━━━━━━━━━━━━
Have a great day, Boss! 🦅

Brief saved to /Users/five/.openclaw/workspace/scripts/todays-morning-brief.txt
GOOD MORNING, BOSS — Saturday, June 6th, 2026
━━━━━━━━━━━━━━━━━━━━━━━━━━━━━━━━━━━━━━

📍 LOCATION: Columbia, MO
🌡️ WEATHER: Unavailable

📰 TOP NEWS
• Supreme Court sides with Trump administration on federal regulation of telecom companies
• Prosecutor wants to charge 14-year-old as adult after allegedly murdering business school graduate
• Check columbiamissourian.com for local news

🔴 HIGH PRIORITY:
• None

🔄 IN PROGRESS:
Paperwork for Farmington
  • Call the UL guy

🤖 AGENT TEAM
• Monica: Project management (6 AM)
• Dwight: Research (morning + afternoon - autonomous income)
• Picasso: T-shirt designs
• Lois: eCommerce uploads
• Addy: TikTok/X/FB marketing

💡 MONEY IDEAS (Autonomous Income - 2x Daily Research)
1. Landing Page Funnel — $3k+/mo
2. Affiliate Links in Content — $500-2k/mo
3. Email Sequence — $3k+/mo


💭 QUOTE OF THE DAY
"It does not matter how slowly you go as long as you do not stop. — Confucius"

━━━━━━━━━━━━━━━━━━━━━━━━━━━━━━━━━━━━━━
Have a great day, Boss! 🦅

Brief saved to /Users/five/.openclaw/workspace/scripts/todays-morning-brief.txt
GOOD MORNING, BOSS — Sunday, June 7th, 2026
━━━━━━━━━━━━━━━━━━━━━━━━━━━━━━━━━━━━━━

📍 LOCATION: Columbia, MO
🌡️ WEATHER: Unavailable

📰 TOP NEWS
• Ukrainian mothers' fight to free children from Russians depicted in new opera
• Even Trump says he doesn’t know ‘where the hell’ his own false claim about Black unemployment came from
• Check columbiamissourian.com for local news

🔴 HIGH PRIORITY:
• None

🔄 IN PROGRESS:
Get receipts and renew license on the Ford
  • Cancel the j5 subscriptions not in use

🤖 AGENT TEAM
• Monica: Project management (6 AM)
• Dwight: Research (morning + afternoon - autonomous income)
• Picasso: T-shirt designs
• Lois: eCommerce uploads
• Addy: TikTok/X/FB marketing

💡 MONEY IDEAS (Autonomous Income - 2x Daily Research)
1. Landing Page Funnel — $3k+/mo
2. Affiliate Links in Content — $500-2k/mo
3. Email Sequence — $3k+/mo


💭 QUOTE OF THE DAY
"Believe you can and you're halfway there. — Theodore Roosevelt"

━━━━━━━━━━━━━━━━━━━━━━━━━━━━━━━━━━━━━━
Have a great day, Boss! 🦅

Brief saved to /Users/five/.openclaw/workspace/scripts/todays-morning-brief.txt
GOOD MORNING, BOSS — Monday, June 8th, 2026
━━━━━━━━━━━━━━━━━━━━━━━━━━━━━━━━━━━━━━

📍 LOCATION: Columbia, MO
🌡️ WEATHER: Unavailable

📰 TOP NEWS
• First came Congress. Now a national redistricting battle may turn to statehouses and city councils
• Iran admits extraordinary new detail in Khamenei strike, Trump offered 'way out': expert
• Check columbiamissourian.com for local news

🔴 HIGH PRIORITY:
• None

🔄 IN PROGRESS:
Get receipts and renew license on the Ford
  • Cancel the j5 subscriptions not in use

🤖 AGENT TEAM
• Monica: Project management (6 AM)
• Dwight: Research (morning + afternoon - autonomous income)
• Picasso: T-shirt designs
• Lois: eCommerce uploads
• Addy: TikTok/X/FB marketing

💡 MONEY IDEAS (Autonomous Income - 2x Daily Research)
1. Landing Page Funnel — $3k+/mo
2. Affiliate Links in Content — $500-2k/mo
3. Email Sequence — $3k+/mo


💭 QUOTE OF THE DAY
"Hard work beats talent when talent doesn't work hard. — Tim Notke"

━━━━━━━━━━━━━━━━━━━━━━━━━━━━━━━━━━━━━━
Have a great day, Boss! 🦅

Brief saved to /Users/five/.openclaw/workspace/scripts/todays-morning-brief.txt
GOOD MORNING, BOSS — Tuesday, June 9th, 2026
━━━━━━━━━━━━━━━━━━━━━━━━━━━━━━━━━━━━━━

📍 LOCATION: Columbia, MO
🌡️ WEATHER: Unavailable

📰 TOP NEWS
• Cancer vaccines based on mRNA advance, despite US cuts
• NYC Mayor Zohran Mamdani says the Democratic Party 'lost its focus on working people'
• Check columbiamissourian.com for local news

🔴 HIGH PRIORITY:
• None

🔄 IN PROGRESS:
Get receipts and renew license on the Ford
  • Cancel the j5 subscriptions not in use

🤖 AGENT TEAM
• Monica: Project management (6 AM)
• Dwight: Research (morning + afternoon - autonomous income)
• Picasso: T-shirt designs
• Lois: eCommerce uploads
• Addy: TikTok/X/FB marketing

💡 MONEY IDEAS (Autonomous Income - 2x Daily Research)
1. Landing Page Funnel — $3k+/mo
2. Affiliate Links in Content — $500-2k/mo
3. Email Sequence — $3k+/mo


💭 QUOTE OF THE DAY
"The only way to do great work is to love what you do. — Steve Jobs"

━━━━━━━━━━━━━━━━━━━━━━━━━━━━━━━━━━━━━━
Have a great day, Boss! 🦅

Brief saved to /Users/five/.openclaw/workspace/scripts/todays-morning-brief.txt
GOOD MORNING, BOSS — Wednesday, June 10th, 2026
━━━━━━━━━━━━━━━━━━━━━━━━━━━━━━━━━━━━━━

📍 LOCATION: Columbia, MO
🌡️ WEATHER: Unavailable

📰 TOP NEWS
• Impeachment sought against federal judge over alleged sex in chambers, lying to investigators
• Navy admiral fired by Hegseth and local attorney advance to runoff in Dem primary to replace Nancy Mace
• Check columbiamissourian.com for local news

🔴 HIGH PRIORITY:
• None

🔄 IN PROGRESS:
Get receipts and renew license on the Ford
  • Cancel the j5 subscriptions not in use
  • Call Spa people

🤖 AGENT TEAM
• Monica: Project management (6 AM)
• Dwight: Research (morning + afternoon - autonomous income)
• Picasso: T-shirt designs
• Lois: eCommerce uploads
• Addy: TikTok/X/FB marketing

💡 MONEY IDEAS (Autonomous Income - 2x Daily Research)
1. Landing Page Funnel — $3k+/mo
2. Affiliate Links in Content — $500-2k/mo
3. Email Sequence — $3k+/mo


💭 QUOTE OF THE DAY
"The only way to do great work is to love what you do. — Steve Jobs"

━━━━━━━━━━━━━━━━━━━━━━━━━━━━━━━━━━━━━━
Have a great day, Boss! 🦅

Brief saved to /Users/five/.openclaw/workspace/scripts/todays-morning-brief.txt
GOOD MORNING, BOSS — Thursday, June 11th, 2026
━━━━━━━━━━━━━━━━━━━━━━━━━━━━━━━━━━━━━━

📍 LOCATION: Columbia, MO
🌡️ WEATHER: Today: 90°/71° — Thunderstorm | Tomorrow: 78°/58° — Overcast | Sat: 81°/61° — Dense drizzle

📰 TOP NEWS
• Congo’s Ebola outbreak spreads to new health zone
• Navy admiral fired by Hegseth and local attorney advance to runoff in Dem primary to replace Nancy Mace
• Check columbiamissourian.com for local news

🔴 HIGH PRIORITY:
• None

🔄 IN PROGRESS:
Get receipts and renew license on the Ford
  • Cancel the j5 subscriptions not in use
  • Call Spa people

🤖 AGENT TEAM
• Monica: Project management (6 AM)
• Dwight: Research (morning + afternoon - autonomous income)
• Picasso: T-shirt designs
• Lois: eCommerce uploads
• Addy: TikTok/X/FB marketing

💡 MONEY IDEAS (Autonomous Income - 2x Daily Research)
1. Landing Page Funnel — $3k+/mo
2. Affiliate Links in Content — $500-2k/mo
3. Email Sequence — $3k+/mo


💭 QUOTE OF THE DAY
"Don't watch the clock; do what it does. Keep going. — Sam Levenson"

━━━━━━━━━━━━━━━━━━━━━━━━━━━━━━━━━━━━━━
Have a great day, Boss! 🦅

Brief saved to /Users/five/.openclaw/workspace/scripts/todays-morning-brief.txt
GOOD MORNING, BOSS — Friday, June 12th, 2026
━━━━━━━━━━━━━━━━━━━━━━━━━━━━━━━━━━━━━━

📍 LOCATION: Columbia, MO
🌡️ WEATHER: Today: 79°/61° — Overcast | Tomorrow: 88°/65° — Thunderstorm | Sun: 86°/58° — Thunderstorm

📰 TOP NEWS
• Congo’s Ebola outbreak spreads to new health zone
• Thai Princess Bajrakitiyabha dies after more than three years in coma
• Check columbiamissourian.com for local news

🔴 HIGH PRIORITY:
• None

🔄 IN PROGRESS:
Get receipts and renew license on the Ford
  • Cancel the j5 subscriptions not in use
  • Call Spa people

🤖 AGENT TEAM
• Monica: Project management (6 AM)
• Dwight: Research (morning + afternoon - autonomous income)
• Picasso: T-shirt designs
• Lois: eCommerce uploads
• Addy: TikTok/X/FB marketing

💡 MONEY IDEAS (Autonomous Income - 2x Daily Research)
1. Landing Page Funnel — $3k+/mo
2. Affiliate Links in Content — $500-2k/mo
3. Email Sequence — $3k+/mo


💭 QUOTE OF THE DAY
"The only impossible journey is the one you never begin. — Tony Robbins"

━━━━━━━━━━━━━━━━━━━━━━━━━━━━━━━━━━━━━━
Have a great day, Boss! 🦅

